192.99.13.186 - - [30/Nov/2020:07:40:50 +0000] "GET /products/29-41 HTTP/1.1" 200 9096 "-" "Mozilla/5.0 (compatible; MJ12bot/v1.4.8; http://mj12bot.com/)"
192.99.5.48 - - [30/Nov/2020:07:41:11 +0000] "GET /products/22-34 HTTP/1.1" 200 9043 "-" "Mozilla/5.0 (compatible; MJ12bot/v1.4.8; http://mj12bot.com/)"
192.99.13.186 - - [30/Nov/2020:07:41:20 +0000] "GET /products/30-42 HTTP/1.1" 200 9004 "-" "Mozilla/5.0 (compatible; MJ12bot/v1.4.8; http://mj12bot.com/)"
192.99.5.48 - - [30/Nov/2020:07:41:31 +0000] "GET /products/22-35 HTTP/1.1" 200 9048 "-" "Mozilla/5.0 (compatible; MJ12bot/v1.4.8; http://mj12bot.com/)"
192.99.13.186 - - [30/Nov/2020:07:41:36 +0000] "GET /products/31-43 HTTP/1.1" 200 9062 "-" "Mozilla/5.0 (compatible; MJ12bot/v1.4.8; http://mj12bot.com/)"
192.99.5.48 - - [30/Nov/2020:07:41:53 +0000] "GET /products/25-37 HTTP/1.1" 200 8934 "-" "Mozilla/5.0 (compatible; MJ12bot/v1.4.8; http://mj12bot.com/)"
192.99.13.186 - - [30/Nov/2020:07:42:00 +0000] "GET /products/32-44 HTTP/1.1" 200 8986 "-" "Mozilla/5.0 (compatible; MJ12bot/v1.4.8; http://mj12bot.com/)"
192.99.5.48 - - [30/Nov/2020:07:42:12 +0000] "GET /products/26-38 HTTP/1.1" 200 8902 "-" "Mozilla/5.0 (compatible; MJ12bot/v1.4.8; http://mj12bot.com/)"
192.99.13.186 - - [30/Nov/2020:07:42:29 +0000] "GET /products/33-45 HTTP/1.1" 200 9001 "-" "Mozilla/5.0 (compatible; MJ12bot/v1.4.8; http://mj12bot.com/)"
192.99.5.48 - - [30/Nov/2020:07:42:33 +0000] "GET /products/28-40 HTTP/1.1" 200 9005 "-" "Mozilla/5.0 (compatible; MJ12bot/v1.4.8; http://mj12bot.com/)"
192.99.5.48 - - [30/Nov/2020:07:42:52 +0000] "GET /products/29-41 HTTP/1.1" 200 9095 "-" "Mozilla/5.0 (compatible; MJ12bot/v1.4.8; http://mj12bot.com/)"
192.99.13.186 - - [30/Nov/2020:07:42:53 +0000] "GET /products/34-46 HTTP/1.1" 200 8984 "-" "Mozilla/5.0 (compatible; MJ12bot/v1.4.8; http://mj12bot.com/)"
13.66.139.50 - - [30/Nov/2020:07:42:59 +0000] "GET /uploads/product_images/_61A0800N1.jpg HTTP/1.1" 200 210324 "-" "Mozilla/5.0 (compatible; bingbot/2.0; +http://www.bing.com/bingbot.htm)"
192.99.5.48 - - [30/Nov/2020:07:43:11 +0000] "GET /products/30-42 HTTP/1.1" 200 9008 "-" "Mozilla/5.0 (compatible; MJ12bot/v1.4.8; http://mj12bot.com/)"
192.99.5.48 - - [30/Nov/2020:07:43:29 +0000] "GET /products/31-43 HTTP/1.1" 200 9062 "-" "Mozilla/5.0 (compatible; MJ12bot/v1.4.8; http://mj12bot.com/)"
196.230.203.105 - - [30/Nov/2020:07:43:31 +0000] "GET /admin/devis HTTP/1.1" 200 17982 "https://billiorich.com/admin/login" "Mozilla/5.0 (Windows NT 6.1) AppleWebKit/537.36 (KHTML, like Gecko) Chrome/87.0.4280.66 Safari/537.36"
196.230.203.105 - - [30/Nov/2020:07:43:31 +0000] "GET /js/routing?callback=fos.Router.setData HTTP/1.1" 200 4366 "https://billiorich.com/admin/devis" "Mozilla/5.0 (Windows NT 6.1) AppleWebKit/537.36 (KHTML, like Gecko) Chrome/87.0.4280.66 Safari/537.36"
192.99.13.186 - - [30/Nov/2020:07:43:41 +0000] "GET /products/35-47 HTTP/1.1" 200 8869 "-" "Mozilla/5.0 (compatible; MJ12bot/v1.4.8; http://mj12bot.com/)"
192.99.5.48 - - [30/Nov/2020:07:43:46 +0000] "GET /products/32-44 HTTP/1.1" 200 8986 "-" "Mozilla/5.0 (compatible; MJ12bot/v1.4.8; http://mj12bot.com/)"
192.99.13.186 - - [30/Nov/2020:07:44:05 +0000] "GET /products/36-48 HTTP/1.1" 200 8876 "-" "Mozilla/5.0 (compatible; MJ12bot/v1.4.8; http://mj12bot.com/)"
192.99.5.48 - - [30/Nov/2020:07:44:14 +0000] "GET /products/33-45 HTTP/1.1" 200 9002 "-" "Mozilla/5.0 (compatible; MJ12bot/v1.4.8; http://mj12bot.com/)"
192.99.5.48 - - [30/Nov/2020:07:44:26 +0000] "GET /products/34-46 HTTP/1.1" 200 8981 "-" "Mozilla/5.0 (compatible; MJ12bot/v1.4.8; http://mj12bot.com/)"
192.99.13.186 - - [30/Nov/2020:07:44:30 +0000] "GET /products/37-49 HTTP/1.1" 200 8904 "-" "Mozilla/5.0 (compatible; MJ12bot/v1.4.8; http://mj12bot.com/)"
196.230.203.105 - - [30/Nov/2020:07:44:40 +0000] "GET /admin/devis?search=3183 HTTP/1.1" 200 5831 "https://billiorich.com/admin/devis" "Mozilla/5.0 (Windows NT 6.1) AppleWebKit/537.36 (KHTML, like Gecko) Chrome/87.0.4280.66 Safari/537.36"
196.230.203.105 - - [30/Nov/2020:07:44:40 +0000] "GET /js/routing?callback=fos.Router.setData HTTP/1.1" 200 617 "https://billiorich.com/admin/devis?search=3183" "Mozilla/5.0 (Windows NT 6.1) AppleWebKit/537.36 (KHTML, like Gecko) Chrome/87.0.4280.66 Safari/537.36"
196.230.203.105 - - [30/Nov/2020:07:44:44 +0000] "GET /admin/devis/state/3183/Livr%C3%A9 HTTP/1.1" 302 639 "https://billiorich.com/admin/devis?search=3183" "Mozilla/5.0 (Windows NT 6.1) AppleWebKit/537.36 (KHTML, like Gecko) Chrome/87.0.4280.66 Safari/537.36"
196.230.203.105 - - [30/Nov/2020:07:44:45 +0000] "GET /admin/devis HTTP/1.1" 200 14233 "https://billiorich.com/admin/devis?search=3183" "Mozilla/5.0 (Windows NT 6.1) AppleWebKit/537.36 (KHTML, like Gecko) Chrome/87.0.4280.66 Safari/537.36"
196.230.203.105 - - [30/Nov/2020:07:44:45 +0000] "GET /js/routing?callback=fos.Router.setData HTTP/1.1" 200 1177 "https://billiorich.com/admin/devis" "Mozilla/5.0 (Windows NT 6.1) AppleWebKit/537.36 (KHTML, like Gecko) Chrome/87.0.4280.66 Safari/537.36"
192.99.5.48 - - [30/Nov/2020:07:44:49 +0000] "GET /products/35-47 HTTP/1.1" 200 8866 "-" "Mozilla/5.0 (compatible; MJ12bot/v1.4.8; http://mj12bot.com/)"
196.230.203.105 - - [30/Nov/2020:07:44:53 +0000] "GET /admin/devis?search=3186 HTTP/1.1" 200 5579 "https://billiorich.com/admin/devis" "Mozilla/5.0 (Windows NT 6.1) AppleWebKit/537.36 (KHTML, like Gecko) Chrome/87.0.4280.66 Safari/537.36"
196.230.203.105 - - [30/Nov/2020:07:44:53 +0000] "GET /js/routing?callback=fos.Router.setData HTTP/1.1" 200 617 "https://billiorich.com/admin/devis?search=3186" "Mozilla/5.0 (Windows NT 6.1) AppleWebKit/537.36 (KHTML, like Gecko) Chrome/87.0.4280.66 Safari/537.36"
196.230.203.105 - - [30/Nov/2020:07:44:57 +0000] "GET /admin/devis/state/3186/Livr%C3%A9 HTTP/1.1" 302 639 "https://billiorich.com/admin/devis?search=3186" "Mozilla/5.0 (Windows NT 6.1) AppleWebKit/537.36 (KHTML, like Gecko) Chrome/87.0.4280.66 Safari/537.36"
196.230.203.105 - - [30/Nov/2020:07:44:57 +0000] "GET /admin/devis HTTP/1.1" 200 14233 "https://billiorich.com/admin/devis?search=3186" "Mozilla/5.0 (Windows NT 6.1) AppleWebKit/537.36 (KHTML, like Gecko) Chrome/87.0.4280.66 Safari/537.36"
196.230.203.105 - - [30/Nov/2020:07:44:57 +0000] "GET /js/routing?callback=fos.Router.setData HTTP/1.1" 200 1177 "https://billiorich.com/admin/devis" "Mozilla/5.0 (Windows NT 6.1) AppleWebKit/537.36 (KHTML, like Gecko) Chrome/87.0.4280.66 Safari/537.36"
192.99.13.186 - - [30/Nov/2020:07:45:01 +0000] "GET /products/39-50 HTTP/1.1" 200 8860 "-" "Mozilla/5.0 (compatible; MJ12bot/v1.4.8; http://mj12bot.com/)"
196.230.203.105 - - [30/Nov/2020:07:45:07 +0000] "GET /admin/devis?search=3181 HTTP/1.1" 200 5882 "https://billiorich.com/admin/devis" "Mozilla/5.0 (Windows NT 6.1) AppleWebKit/537.36 (KHTML, like Gecko) Chrome/87.0.4280.66 Safari/537.36"
196.230.203.105 - - [30/Nov/2020:07:45:07 +0000] "GET /js/routing?callback=fos.Router.setData HTTP/1.1" 200 617 "https://billiorich.com/admin/devis?search=3181" "Mozilla/5.0 (Windows NT 6.1) AppleWebKit/537.36 (KHTML, like Gecko) Chrome/87.0.4280.66 Safari/537.36"
196.230.203.105 - - [30/Nov/2020:07:45:10 +0000] "GET /admin/devis/state/3181/Livr%C3%A9 HTTP/1.1" 302 639 "https://billiorich.com/admin/devis?search=3181" "Mozilla/5.0 (Windows NT 6.1) AppleWebKit/537.36 (KHTML, like Gecko) Chrome/87.0.4280.66 Safari/537.36"
196.230.203.105 - - [30/Nov/2020:07:45:11 +0000] "GET /admin/devis HTTP/1.1" 200 14233 "https://billiorich.com/admin/devis?search=3181" "Mozilla/5.0 (Windows NT 6.1) AppleWebKit/537.36 (KHTML, like Gecko) Chrome/87.0.4280.66 Safari/537.36"
196.230.203.105 - - [30/Nov/2020:07:45:11 +0000] "GET /js/routing?callback=fos.Router.setData HTTP/1.1" 200 1177 "https://billiorich.com/admin/devis" "Mozilla/5.0 (Windows NT 6.1) AppleWebKit/537.36 (KHTML, like Gecko) Chrome/87.0.4280.66 Safari/537.36"
192.99.5.48 - - [30/Nov/2020:07:45:24 +0000] "GET /products/36-48 HTTP/1.1" 200 8878 "-" "Mozilla/5.0 (compatible; MJ12bot/v1.4.8; http://mj12bot.com/)"
192.99.13.186 - - [30/Nov/2020:07:45:29 +0000] "GET /products/40-51 HTTP/1.1" 200 9058 "-" "Mozilla/5.0 (compatible; MJ12bot/v1.4.8; http://mj12bot.com/)"
196.230.203.105 - - [30/Nov/2020:07:45:34 +0000] "GET /admin/devis?search=3168 HTTP/1.1" 200 5571 "https://billiorich.com/admin/devis" "Mozilla/5.0 (Windows NT 6.1) AppleWebKit/537.36 (KHTML, like Gecko) Chrome/87.0.4280.66 Safari/537.36"
196.230.203.105 - - [30/Nov/2020:07:45:34 +0000] "GET /js/routing?callback=fos.Router.setData HTTP/1.1" 200 617 "https://billiorich.com/admin/devis?search=3168" "Mozilla/5.0 (Windows NT 6.1) AppleWebKit/537.36 (KHTML, like Gecko) Chrome/87.0.4280.66 Safari/537.36"
196.230.203.105 - - [30/Nov/2020:07:45:37 +0000] "GET /admin/devis/state/3168/Livr%C3%A9 HTTP/1.1" 302 639 "https://billiorich.com/admin/devis?search=3168" "Mozilla/5.0 (Windows NT 6.1) AppleWebKit/537.36 (KHTML, like Gecko) Chrome/87.0.4280.66 Safari/537.36"
196.230.203.105 - - [30/Nov/2020:07:45:37 +0000] "GET /admin/devis HTTP/1.1" 200 14233 "https://billiorich.com/admin/devis?search=3168" "Mozilla/5.0 (Windows NT 6.1) AppleWebKit/537.36 (KHTML, like Gecko) Chrome/87.0.4280.66 Safari/537.36"
196.230.203.105 - - [30/Nov/2020:07:45:38 +0000] "GET /js/routing?callback=fos.Router.setData HTTP/1.1" 200 1177 "https://billiorich.com/admin/devis" "Mozilla/5.0 (Windows NT 6.1) AppleWebKit/537.36 (KHTML, like Gecko) Chrome/87.0.4280.66 Safari/537.36"
192.99.5.48 - - [30/Nov/2020:07:45:49 +0000] "GET /products/37-49 HTTP/1.1" 200 8906 "-" "Mozilla/5.0 (compatible; MJ12bot/v1.4.8; http://mj12bot.com/)"
192.99.13.186 - - [30/Nov/2020:07:45:58 +0000] "GET /products/41-52 HTTP/1.1" 200 9022 "-" "Mozilla/5.0 (compatible; MJ12bot/v1.4.8; http://mj12bot.com/)"
196.230.203.105 - - [30/Nov/2020:07:46:08 +0000] "GET /admin/devis?search=3168 HTTP/1.1" 200 5623 "https://billiorich.com/admin/devis" "Mozilla/5.0 (Windows NT 6.1) AppleWebKit/537.36 (KHTML, like Gecko) Chrome/87.0.4280.66 Safari/537.36"
196.230.203.105 - - [30/Nov/2020:07:46:09 +0000] "GET /js/routing?callback=fos.Router.setData HTTP/1.1" 200 617 "https://billiorich.com/admin/devis?search=3168" "Mozilla/5.0 (Windows NT 6.1) AppleWebKit/537.36 (KHTML, like Gecko) Chrome/87.0.4280.66 Safari/537.36"
196.230.203.105 - - [30/Nov/2020:07:46:16 +0000] "GET /admin/devis?search=3180 HTTP/1.1" 200 5585 "https://billiorich.com/admin/devis?search=3168" "Mozilla/5.0 (Windows NT 6.1) AppleWebKit/537.36 (KHTML, like Gecko) Chrome/87.0.4280.66 Safari/537.36"
196.230.203.105 - - [30/Nov/2020:07:46:16 +0000] "GET /js/routing?callback=fos.Router.setData HTTP/1.1" 200 617 "https://billiorich.com/admin/devis?search=3180" "Mozilla/5.0 (Windows NT 6.1) AppleWebKit/537.36 (KHTML, like Gecko) Chrome/87.0.4280.66 Safari/537.36"
196.230.203.105 - - [30/Nov/2020:07:46:19 +0000] "GET /admin/devis/state/3180/Livr%C3%A9 HTTP/1.1" 302 639 "https://billiorich.com/admin/devis?search=3180" "Mozilla/5.0 (Windows NT 6.1) AppleWebKit/537.36 (KHTML, like Gecko) Chrome/87.0.4280.66 Safari/537.36"
196.230.203.105 - - [30/Nov/2020:07:46:19 +0000] "GET /admin/devis HTTP/1.1" 200 14233 "https://billiorich.com/admin/devis?search=3180" "Mozilla/5.0 (Windows NT 6.1) AppleWebKit/537.36 (KHTML, like Gecko) Chrome/87.0.4280.66 Safari/537.36"
196.230.203.105 - - [30/Nov/2020:07:46:19 +0000] "GET /js/routing?callback=fos.Router.setData HTTP/1.1" 200 1177 "https://billiorich.com/admin/devis" "Mozilla/5.0 (Windows NT 6.1) AppleWebKit/537.36 (KHTML, like Gecko) Chrome/87.0.4280.66 Safari/537.36"
192.99.13.186 - - [30/Nov/2020:07:46:25 +0000] "GET /products/46-54 HTTP/1.1" 200 8997 "-" "Mozilla/5.0 (compatible; MJ12bot/v1.4.8; http://mj12bot.com/)"
192.99.5.48 - - [30/Nov/2020:07:46:29 +0000] "GET /products/39-50 HTTP/1.1" 200 8861 "-" "Mozilla/5.0 (compatible; MJ12bot/v1.4.8; http://mj12bot.com/)"
196.230.203.105 - - [30/Nov/2020:07:46:32 +0000] "GET /admin/devis?search=3147 HTTP/1.1" 200 5641 "https://billiorich.com/admin/devis" "Mozilla/5.0 (Windows NT 6.1) AppleWebKit/537.36 (KHTML, like Gecko) Chrome/87.0.4280.66 Safari/537.36"
196.230.203.105 - - [30/Nov/2020:07:46:32 +0000] "GET /js/routing?callback=fos.Router.setData HTTP/1.1" 200 1177 "https://billiorich.com/admin/devis?search=3147" "Mozilla/5.0 (Windows NT 6.1) AppleWebKit/537.36 (KHTML, like Gecko) Chrome/87.0.4280.66 Safari/537.36"
196.230.203.105 - - [30/Nov/2020:07:46:35 +0000] "GET /admin/devis/state/3147/Livr%C3%A9 HTTP/1.1" 302 639 "https://billiorich.com/admin/devis?search=3147" "Mozilla/5.0 (Windows NT 6.1) AppleWebKit/537.36 (KHTML, like Gecko) Chrome/87.0.4280.66 Safari/537.36"
196.230.203.105 - - [30/Nov/2020:07:46:36 +0000] "GET /admin/devis HTTP/1.1" 200 14233 "https://billiorich.com/admin/devis?search=3147" "Mozilla/5.0 (Windows NT 6.1) AppleWebKit/537.36 (KHTML, like Gecko) Chrome/87.0.4280.66 Safari/537.36"
196.230.203.105 - - [30/Nov/2020:07:46:36 +0000] "GET /js/routing?callback=fos.Router.setData HTTP/1.1" 200 617 "https://billiorich.com/admin/devis" "Mozilla/5.0 (Windows NT 6.1) AppleWebKit/537.36 (KHTML, like Gecko) Chrome/87.0.4280.66 Safari/537.36"
196.230.203.105 - - [30/Nov/2020:07:46:43 +0000] "GET /admin/devis?search=3166 HTTP/1.1" 200 5566 "https://billiorich.com/admin/devis" "Mozilla/5.0 (Windows NT 6.1) AppleWebKit/537.36 (KHTML, like Gecko) Chrome/87.0.4280.66 Safari/537.36"
196.230.203.105 - - [30/Nov/2020:07:46:43 +0000] "GET /js/routing?callback=fos.Router.setData HTTP/1.1" 200 617 "https://billiorich.com/admin/devis?search=3166" "Mozilla/5.0 (Windows NT 6.1) AppleWebKit/537.36 (KHTML, like Gecko) Chrome/87.0.4280.66 Safari/537.36"
196.230.203.105 - - [30/Nov/2020:07:46:46 +0000] "GET /admin/devis/state/3166/Livr%C3%A9 HTTP/1.1" 302 639 "https://billiorich.com/admin/devis?search=3166" "Mozilla/5.0 (Windows NT 6.1) AppleWebKit/537.36 (KHTML, like Gecko) Chrome/87.0.4280.66 Safari/537.36"
196.230.203.105 - - [30/Nov/2020:07:46:46 +0000] "GET /admin/devis HTTP/1.1" 200 14233 "https://billiorich.com/admin/devis?search=3166" "Mozilla/5.0 (Windows NT 6.1) AppleWebKit/537.36 (KHTML, like Gecko) Chrome/87.0.4280.66 Safari/537.36"
196.230.203.105 - - [30/Nov/2020:07:46:46 +0000] "GET /js/routing?callback=fos.Router.setData HTTP/1.1" 200 1177 "https://billiorich.com/admin/devis" "Mozilla/5.0 (Windows NT 6.1) AppleWebKit/537.36 (KHTML, like Gecko) Chrome/87.0.4280.66 Safari/537.36"
192.99.13.186 - - [30/Nov/2020:07:46:55 +0000] "GET /products/46-55 HTTP/1.1" 200 8995 "-" "Mozilla/5.0 (compatible; MJ12bot/v1.4.8; http://mj12bot.com/)"
192.99.5.48 - - [30/Nov/2020:07:47:04 +0000] "GET /products/40-51 HTTP/1.1" 200 9055 "-" "Mozilla/5.0 (compatible; MJ12bot/v1.4.8; http://mj12bot.com/)"
196.230.203.105 - - [30/Nov/2020:07:47:12 +0000] "GET /admin/devis?search=oday HTTP/1.1" 200 5931 "https://billiorich.com/admin/devis" "Mozilla/5.0 (Windows NT 6.1) AppleWebKit/537.36 (KHTML, like Gecko) Chrome/87.0.4280.66 Safari/537.36"
196.230.203.105 - - [30/Nov/2020:07:47:12 +0000] "GET /js/routing?callback=fos.Router.setData HTTP/1.1" 200 617 "https://billiorich.com/admin/devis?search=oday" "Mozilla/5.0 (Windows NT 6.1) AppleWebKit/537.36 (KHTML, like Gecko) Chrome/87.0.4280.66 Safari/537.36"
196.230.203.105 - - [30/Nov/2020:07:47:23 +0000] "GET /admin/devis?search=29343402 HTTP/1.1" 200 6640 "https://billiorich.com/admin/devis?search=oday" "Mozilla/5.0 (Windows NT 6.1) AppleWebKit/537.36 (KHTML, like Gecko) Chrome/87.0.4280.66 Safari/537.36"
196.230.203.105 - - [30/Nov/2020:07:47:23 +0000] "GET /js/routing?callback=fos.Router.setData HTTP/1.1" 200 617 "https://billiorich.com/admin/devis?search=29343402" "Mozilla/5.0 (Windows NT 6.1) AppleWebKit/537.36 (KHTML, like Gecko) Chrome/87.0.4280.66 Safari/537.36"
196.230.203.105 - - [30/Nov/2020:07:47:31 +0000] "GET /admin/devis/state/3193/Livr%C3%A9 HTTP/1.1" 302 4388 "https://billiorich.com/admin/devis?search=29343402" "Mozilla/5.0 (Windows NT 6.1) AppleWebKit/537.36 (KHTML, like Gecko) Chrome/87.0.4280.66 Safari/537.36"
196.230.203.105 - - [30/Nov/2020:07:47:31 +0000] "GET /admin/devis HTTP/1.1" 200 14289 "https://billiorich.com/admin/devis?search=29343402" "Mozilla/5.0 (Windows NT 6.1) AppleWebKit/537.36 (KHTML, like Gecko) Chrome/87.0.4280.66 Safari/537.36"
196.230.203.105 - - [30/Nov/2020:07:47:31 +0000] "GET /js/routing?callback=fos.Router.setData HTTP/1.1" 200 1177 "https://billiorich.com/admin/devis" "Mozilla/5.0 (Windows NT 6.1) AppleWebKit/537.36 (KHTML, like Gecko) Chrome/87.0.4280.66 Safari/537.36"
192.99.13.186 - - [30/Nov/2020:07:47:34 +0000] "GET /products/48-58 HTTP/1.1" 200 9135 "-" "Mozilla/5.0 (compatible; MJ12bot/v1.4.8; http://mj12bot.com/)"
192.99.5.48 - - [30/Nov/2020:07:47:37 +0000] "GET /products/41-52 HTTP/1.1" 200 9022 "-" "Mozilla/5.0 (compatible; MJ12bot/v1.4.8; http://mj12bot.com/)"
196.230.203.105 - - [30/Nov/2020:07:47:44 +0000] "GET /admin/devis?search=29343402 HTTP/1.1" 200 6635 "https://billiorich.com/admin/devis" "Mozilla/5.0 (Windows NT 6.1) AppleWebKit/537.36 (KHTML, like Gecko) Chrome/87.0.4280.66 Safari/537.36"
196.230.203.105 - - [30/Nov/2020:07:47:44 +0000] "GET /js/routing?callback=fos.Router.setData HTTP/1.1" 200 617 "https://billiorich.com/admin/devis?search=29343402" "Mozilla/5.0 (Windows NT 6.1) AppleWebKit/537.36 (KHTML, like Gecko) Chrome/87.0.4280.66 Safari/537.36"
196.230.203.105 - - [30/Nov/2020:07:47:49 +0000] "GET /admin/devis/print/3193 HTTP/1.1" 200 2354 "https://billiorich.com/admin/devis?search=29343402" "Mozilla/5.0 (Windows NT 6.1) AppleWebKit/537.36 (KHTML, like Gecko) Chrome/87.0.4280.66 Safari/537.36"
196.230.203.105 - - [30/Nov/2020:07:47:49 +0000] "GET /js/routing?callback=fos.Router.setData HTTP/1.1" 200 617 "https://billiorich.com/admin/devis/print/3193" "Mozilla/5.0 (Windows NT 6.1) AppleWebKit/537.36 (KHTML, like Gecko) Chrome/87.0.4280.66 Safari/537.36"
192.99.5.48 - - [30/Nov/2020:07:48:00 +0000] "GET /products/46-54 HTTP/1.1" 200 8993 "-" "Mozilla/5.0 (compatible; MJ12bot/v1.4.8; http://mj12bot.com/)"
196.230.203.105 - - [30/Nov/2020:07:48:04 +0000] "-" 408 559 "-" "-"
192.99.13.186 - - [30/Nov/2020:07:48:05 +0000] "GET /products/49-59 HTTP/1.1" 200 9058 "-" "Mozilla/5.0 (compatible; MJ12bot/v1.4.8; http://mj12bot.com/)"
196.230.203.105 - - [30/Nov/2020:07:48:16 +0000] "GET /admin/products HTTP/1.1" 200 6376 "https://billiorich.com/admin/devis?search=29343402" "Mozilla/5.0 (Windows NT 6.1) AppleWebKit/537.36 (KHTML, like Gecko) Chrome/87.0.4280.66 Safari/537.36"
196.230.203.105 - - [30/Nov/2020:07:48:16 +0000] "GET /uploads/product_images/D7805F1D-DC5C-437D-AD5D-ED83C131D92F.jpeg HTTP/1.1" 304 764 "https://billiorich.com/admin/products" "Mozilla/5.0 (Windows NT 6.1) AppleWebKit/537.36 (KHTML, like Gecko) Chrome/87.0.4280.66 Safari/537.36"
196.230.203.105 - - [30/Nov/2020:07:48:16 +0000] "GET /uploads/product_images/12356801-2F0A-4291-9B0A-2D4714BE1812.jpeg HTTP/1.1" 304 204 "https://billiorich.com/admin/products" "Mozilla/5.0 (Windows NT 6.1) AppleWebKit/537.36 (KHTML, like Gecko) Chrome/87.0.4280.66 Safari/537.36"
196.230.203.105 - - [30/Nov/2020:07:48:16 +0000] "GET /uploads/product_images/00E807D3-FFC8-4FC9-8325-D889AB355BDE.jpeg HTTP/1.1" 304 204 "https://billiorich.com/admin/products" "Mozilla/5.0 (Windows NT 6.1) AppleWebKit/537.36 (KHTML, like Gecko) Chrome/87.0.4280.66 Safari/537.36"
196.230.203.105 - - [30/Nov/2020:07:48:16 +0000] "GET /uploads/product_images/35A46504-0777-4380-8A59-14AF38DFFA1A.jpeg HTTP/1.1" 304 204 "https://billiorich.com/admin/products" "Mozilla/5.0 (Windows NT 6.1) AppleWebKit/537.36 (KHTML, like Gecko) Chrome/87.0.4280.66 Safari/537.36"
196.230.203.105 - - [30/Nov/2020:07:48:16 +0000] "GET /uploads/product_images/1B07DF5D-EA12-4DE8-87A8-C70C439513EE.jpeg HTTP/1.1" 304 204 "https://billiorich.com/admin/products" "Mozilla/5.0 (Windows NT 6.1) AppleWebKit/537.36 (KHTML, like Gecko) Chrome/87.0.4280.66 Safari/537.36"
196.230.203.105 - - [30/Nov/2020:07:48:16 +0000] "GET /uploads/product_images/3B0C894B-237E-441D-B6EF-4FEA714968D6.jpeg HTTP/1.1" 304 204 "https://billiorich.com/admin/products" "Mozilla/5.0 (Windows NT 6.1) AppleWebKit/537.36 (KHTML, like Gecko) Chrome/87.0.4280.66 Safari/537.36"
196.230.203.105 - - [30/Nov/2020:07:48:16 +0000] "GET /uploads/product_images/F6A417DA-0F99-4125-BE26-7E30D4F5AF50.jpeg HTTP/1.1" 304 764 "https://billiorich.com/admin/products" "Mozilla/5.0 (Windows NT 6.1) AppleWebKit/537.36 (KHTML, like Gecko) Chrome/87.0.4280.66 Safari/537.36"
196.230.203.105 - - [30/Nov/2020:07:48:16 +0000] "GET /uploads/product_images/2D51BC79-E0C8-4E08-B514-8375AD434DF2.jpeg HTTP/1.1" 304 764 "https://billiorich.com/admin/products" "Mozilla/5.0 (Windows NT 6.1) AppleWebKit/537.36 (KHTML, like Gecko) Chrome/87.0.4280.66 Safari/537.36"
192.99.5.48 - - [30/Nov/2020:07:48:21 +0000] "GET /products/46-55 HTTP/1.1" 200 8996 "-" "Mozilla/5.0 (compatible; MJ12bot/v1.4.8; http://mj12bot.com/)"
192.99.13.186 - - [30/Nov/2020:07:48:34 +0000] "GET /products/50-60 HTTP/1.1" 200 9021 "-" "Mozilla/5.0 (compatible; MJ12bot/v1.4.8; http://mj12bot.com/)"
196.230.203.105 - - [30/Nov/2020:07:48:37 +0000] "-" 408 3748 "-" "-"
196.230.203.105 - - [30/Nov/2020:07:48:37 +0000] "-" 408 3748 "-" "-"
::1 - - [30/Nov/2020:07:48:37 +0000] "OPTIONS * HTTP/1.0" 200 126 "-" "Apache/2.4.29 (Ubuntu) OpenSSL/1.1.1 (internal dummy connection)"
192.99.5.48 - - [30/Nov/2020:07:48:42 +0000] "GET /products/48-58 HTTP/1.1" 200 9135 "-" "Mozilla/5.0 (compatible; MJ12bot/v1.4.8; http://mj12bot.com/)"
::1 - - [30/Nov/2020:07:48:50 +0000] "OPTIONS * HTTP/1.0" 200 126 "-" "Apache/2.4.29 (Ubuntu) OpenSSL/1.1.1 (internal dummy connection)"
192.99.13.186 - - [30/Nov/2020:07:49:05 +0000] "GET /products/51-61 HTTP/1.1" 200 8960 "-" "Mozilla/5.0 (compatible; MJ12bot/v1.4.8; http://mj12bot.com/)"
192.99.5.48 - - [30/Nov/2020:07:49:30 +0000] "GET /products/49-59 HTTP/1.1" 200 9058 "-" "Mozilla/5.0 (compatible; MJ12bot/v1.4.8; http://mj12bot.com/)"
192.99.13.186 - - [30/Nov/2020:07:49:45 +0000] "GET /products/52-62 HTTP/1.1" 200 9082 "-" "Mozilla/5.0 (compatible; MJ12bot/v1.4.8; http://mj12bot.com/)"
192.99.5.48 - - [30/Nov/2020:07:50:10 +0000] "GET /products/50-60 HTTP/1.1" 200 9022 "-" "Mozilla/5.0 (compatible; MJ12bot/v1.4.8; http://mj12bot.com/)"
192.99.13.186 - - [30/Nov/2020:07:50:11 +0000] "GET /products/53-63 HTTP/1.1" 200 9029 "-" "Mozilla/5.0 (compatible; MJ12bot/v1.4.8; http://mj12bot.com/)"
192.99.13.186 - - [30/Nov/2020:07:50:40 +0000] "GET /products/54-64 HTTP/1.1" 200 8924 "-" "Mozilla/5.0 (compatible; MJ12bot/v1.4.8; http://mj12bot.com/)"
192.99.5.48 - - [30/Nov/2020:07:50:44 +0000] "GET /products/51-61 HTTP/1.1" 200 8959 "-" "Mozilla/5.0 (compatible; MJ12bot/v1.4.8; http://mj12bot.com/)"
192.99.5.48 - - [30/Nov/2020:07:50:59 +0000] "GET /products/52-62 HTTP/1.1" 200 9082 "-" "Mozilla/5.0 (compatible; MJ12bot/v1.4.8; http://mj12bot.com/)"
192.99.13.186 - - [30/Nov/2020:07:51:30 +0000] "GET /products/57-73 HTTP/1.1" 200 8957 "-" "Mozilla/5.0 (compatible; MJ12bot/v1.4.8; http://mj12bot.com/)"
192.99.5.48 - - [30/Nov/2020:07:51:32 +0000] "GET /products/53-63 HTTP/1.1" 200 9028 "-" "Mozilla/5.0 (compatible; MJ12bot/v1.4.8; http://mj12bot.com/)"
192.99.13.186 - - [30/Nov/2020:07:51:52 +0000] "GET /products/58-74 HTTP/1.1" 200 8925 "-" "Mozilla/5.0 (compatible; MJ12bot/v1.4.8; http://mj12bot.com/)"
192.99.5.48 - - [30/Nov/2020:07:51:52 +0000] "GET /products/54-64 HTTP/1.1" 200 8924 "-" "Mozilla/5.0 (compatible; MJ12bot/v1.4.8; http://mj12bot.com/)"
192.99.13.186 - - [30/Nov/2020:07:52:11 +0000] "GET /products/59-75 HTTP/1.1" 200 8930 "-" "Mozilla/5.0 (compatible; MJ12bot/v1.4.8; http://mj12bot.com/)"
192.99.5.48 - - [30/Nov/2020:07:52:23 +0000] "GET /products/57-73 HTTP/1.1" 200 8958 "-" "Mozilla/5.0 (compatible; MJ12bot/v1.4.8; http://mj12bot.com/)"
192.99.13.186 - - [30/Nov/2020:07:52:39 +0000] "GET /products/62-77 HTTP/1.1" 200 8939 "-" "Mozilla/5.0 (compatible; MJ12bot/v1.4.8; http://mj12bot.com/)"
192.99.5.48 - - [30/Nov/2020:07:52:49 +0000] "GET /products/58-74 HTTP/1.1" 200 8928 "-" "Mozilla/5.0 (compatible; MJ12bot/v1.4.8; http://mj12bot.com/)"
192.99.5.48 - - [30/Nov/2020:07:53:09 +0000] "GET /products/59-75 HTTP/1.1" 200 8931 "-" "Mozilla/5.0 (compatible; MJ12bot/v1.4.8; http://mj12bot.com/)"
192.99.5.48 - - [30/Nov/2020:07:53:25 +0000] "GET /products/62-77 HTTP/1.1" 200 8938 "-" "Mozilla/5.0 (compatible; MJ12bot/v1.4.8; http://mj12bot.com/)"
192.99.5.48 - - [30/Nov/2020:07:53:49 +0000] "GET /products/63-76 HTTP/1.1" 200 8930 "-" "Mozilla/5.0 (compatible; MJ12bot/v1.4.8; http://mj12bot.com/)"
192.99.5.48 - - [30/Nov/2020:07:54:16 +0000] "GET /products/64-78 HTTP/1.1" 200 8934 "-" "Mozilla/5.0 (compatible; MJ12bot/v1.4.8; http://mj12bot.com/)"
89.248.172.90 - - [30/Nov/2020:07:54:17 +0000] "GET http://httpheader.net/azenv.php HTTP/1.1" 404 661 "-" "Mozilla/5.0 (Windows; U; Windows NT 6.1; en-US; rv:1.9.2.28) Gecko/20120306 Firefox/3.6.28 (.NET CLR 3.5.30729)"
89.248.172.90 - - [30/Nov/2020:07:54:37 +0000] "-" 408 0 "-" "-"
192.99.5.48 - - [30/Nov/2020:07:54:41 +0000] "GET /products/65-79 HTTP/1.1" 200 8926 "-" "Mozilla/5.0 (compatible; MJ12bot/v1.4.8; http://mj12bot.com/)"
89.248.172.90 - - [30/Nov/2020:07:54:57 +0000] "-" 408 0 "-" "-"
139.162.116.133 - - [30/Nov/2020:07:55:00 +0000] "GET / HTTP/1.1" 200 20853 "-" "HTTP Banner Detection (https://security.ipip.net)"
192.99.5.48 - - [30/Nov/2020:07:55:26 +0000] "GET /products/66-80 HTTP/1.1" 200 8927 "-" "Mozilla/5.0 (compatible; MJ12bot/v1.4.8; http://mj12bot.com/)"
192.99.5.48 - - [30/Nov/2020:07:55:43 +0000] "GET /products/67-81 HTTP/1.1" 200 8927 "-" "Mozilla/5.0 (compatible; MJ12bot/v1.4.8; http://mj12bot.com/)"
196.233.152.89 - - [30/Nov/2020:07:57:35 +0000] "GET /admin/devis HTTP/1.1" 200 18033 "-" "Mozilla/5.0 (iPhone; CPU iPhone OS 14_0 like Mac OS X) AppleWebKit/605.1.15 (KHTML, like Gecko) CriOS/86.0.4240.93 Mobile/15E148 Safari/604.1"
196.233.152.89 - - [30/Nov/2020:07:57:35 +0000] "GET /admin_assets/css/icons/icomoon/styles.css HTTP/1.1" 200 8979 "https://billiorich.com/admin/devis" "Mozilla/5.0 (iPhone; CPU iPhone OS 14_0 like Mac OS X) AppleWebKit/605.1.15 (KHTML, like Gecko) CriOS/86.0.4240.93 Mobile/15E148 Safari/604.1"
196.233.152.89 - - [30/Nov/2020:07:57:35 +0000] "GET /admin_assets/css/colors.css HTTP/1.1" 200 6657 "https://billiorich.com/admin/devis" "Mozilla/5.0 (iPhone; CPU iPhone OS 14_0 like Mac OS X) AppleWebKit/605.1.15 (KHTML, like Gecko) CriOS/86.0.4240.93 Mobile/15E148 Safari/604.1"
196.233.152.89 - - [30/Nov/2020:07:57:35 +0000] "GET /admin_assets/css/bootstrap.css HTTP/1.1" 200 25411 "https://billiorich.com/admin/devis" "Mozilla/5.0 (iPhone; CPU iPhone OS 14_0 like Mac OS X) AppleWebKit/605.1.15 (KHTML, like Gecko) CriOS/86.0.4240.93 Mobile/15E148 Safari/604.1"
196.233.152.89 - - [30/Nov/2020:07:57:35 +0000] "GET /admin_assets/js/plugins/loaders/pace.min.js HTTP/1.1" 200 4759 "https://billiorich.com/admin/devis" "Mozilla/5.0 (iPhone; CPU iPhone OS 14_0 like Mac OS X) AppleWebKit/605.1.15 (KHTML, like Gecko) CriOS/86.0.4240.93 Mobile/15E148 Safari/604.1"
196.233.152.89 - - [30/Nov/2020:07:57:35 +0000] "GET /admin_assets/css/core.css HTTP/1.1" 200 23349 "https://billiorich.com/admin/devis" "Mozilla/5.0 (iPhone; CPU iPhone OS 14_0 like Mac OS X) AppleWebKit/605.1.15 (KHTML, like Gecko) CriOS/86.0.4240.93 Mobile/15E148 Safari/604.1"
196.233.152.89 - - [30/Nov/2020:07:57:35 +0000] "GET /admin_assets/css/components.css HTTP/1.1" 200 63954 "https://billiorich.com/admin/devis" "Mozilla/5.0 (iPhone; CPU iPhone OS 14_0 like Mac OS X) AppleWebKit/605.1.15 (KHTML, like Gecko) CriOS/86.0.4240.93 Mobile/15E148 Safari/604.1"
196.233.152.89 - - [30/Nov/2020:07:57:35 +0000] "GET /admin_assets/js/core/libraries/jquery.min.js HTTP/1.1" 200 30017 "https://billiorich.com/admin/devis" "Mozilla/5.0 (iPhone; CPU iPhone OS 14_0 like Mac OS X) AppleWebKit/605.1.15 (KHTML, like Gecko) CriOS/86.0.4240.93 Mobile/15E148 Safari/604.1"
196.233.152.89 - - [30/Nov/2020:07:57:35 +0000] "GET /admin_assets/js/core/libraries/bootstrap.min.js HTTP/1.1" 200 10204 "https://billiorich.com/admin/devis" "Mozilla/5.0 (iPhone; CPU iPhone OS 14_0 like Mac OS X) AppleWebKit/605.1.15 (KHTML, like Gecko) CriOS/86.0.4240.93 Mobile/15E148 Safari/604.1"
196.233.152.89 - - [30/Nov/2020:07:57:35 +0000] "GET /admin_assets/js/plugins/loaders/blockui.min.js HTTP/1.1" 200 3786 "https://billiorich.com/admin/devis" "Mozilla/5.0 (iPhone; CPU iPhone OS 14_0 like Mac OS X) AppleWebKit/605.1.15 (KHTML, like Gecko) CriOS/86.0.4240.93 Mobile/15E148 Safari/604.1"
196.233.152.89 - - [30/Nov/2020:07:57:35 +0000] "GET /admin_assets/js/core/app.js HTTP/1.1" 200 3209 "https://billiorich.com/admin/devis" "Mozilla/5.0 (iPhone; CPU iPhone OS 14_0 like Mac OS X) AppleWebKit/605.1.15 (KHTML, like Gecko) CriOS/86.0.4240.93 Mobile/15E148 Safari/604.1"
196.233.152.89 - - [30/Nov/2020:07:57:35 +0000] "GET /admin_assets/js/product_variations.js HTTP/1.1" 200 1089 "https://billiorich.com/admin/devis" "Mozilla/5.0 (iPhone; CPU iPhone OS 14_0 like Mac OS X) AppleWebKit/605.1.15 (KHTML, like Gecko) CriOS/86.0.4240.93 Mobile/15E148 Safari/604.1"
196.233.152.89 - - [30/Nov/2020:07:57:35 +0000] "GET /admin_assets/js/plugins/forms/selects/select2.min.js HTTP/1.1" 200 21185 "https://billiorich.com/admin/devis" "Mozilla/5.0 (iPhone; CPU iPhone OS 14_0 like Mac OS X) AppleWebKit/605.1.15 (KHTML, like Gecko) CriOS/86.0.4240.93 Mobile/15E148 Safari/604.1"
196.233.152.89 - - [30/Nov/2020:07:57:35 +0000] "GET /admin_assets/js/plugins/tables/datatables/datatables.min.js HTTP/1.1" 200 28227 "https://billiorich.com/admin/devis" "Mozilla/5.0 (iPhone; CPU iPhone OS 14_0 like Mac OS X) AppleWebKit/605.1.15 (KHTML, like Gecko) CriOS/86.0.4240.93 Mobile/15E148 Safari/604.1"
196.233.152.89 - - [30/Nov/2020:07:57:35 +0000] "GET /bundles/fosjsrouting/js/router.min.js HTTP/1.1" 200 2130 "https://billiorich.com/admin/devis" "Mozilla/5.0 (iPhone; CPU iPhone OS 14_0 like Mac OS X) AppleWebKit/605.1.15 (KHTML, like Gecko) CriOS/86.0.4240.93 Mobile/15E148 Safari/604.1"
196.233.152.89 - - [30/Nov/2020:07:57:35 +0000] "GET /admin_assets/images/default.png HTTP/1.1" 200 17833 "https://billiorich.com/admin/devis" "Mozilla/5.0 (iPhone; CPU iPhone OS 14_0 like Mac OS X) AppleWebKit/605.1.15 (KHTML, like Gecko) CriOS/86.0.4240.93 Mobile/15E148 Safari/604.1"
196.233.152.89 - - [30/Nov/2020:07:57:35 +0000] "GET /js/routing?callback=fos.Router.setData HTTP/1.1" 200 617 "https://billiorich.com/admin/devis" "Mozilla/5.0 (iPhone; CPU iPhone OS 14_0 like Mac OS X) AppleWebKit/605.1.15 (KHTML, like Gecko) CriOS/86.0.4240.93 Mobile/15E148 Safari/604.1"
196.233.152.89 - - [30/Nov/2020:07:57:36 +0000] "GET /admin_assets/css/icons/icomoon/fonts/icomoon.woff?3p0rtw HTTP/1.1" 200 218935 "https://billiorich.com/admin/devis" "Mozilla/5.0 (iPhone; CPU iPhone OS 14_0 like Mac OS X) AppleWebKit/605.1.15 (KHTML, like Gecko) CriOS/86.0.4240.93 Mobile/15E148 Safari/604.1"
196.233.152.89 - - [30/Nov/2020:07:57:36 +0000] "GET /favicon.ico HTTP/1.1" 404 4487 "-" "Mozilla/5.0 (iPhone; CPU iPhone OS 14_0 like Mac OS X) AppleWebKit/605.1.15 (KHTML, like Gecko) CriOS/86.0.4240.93 Mobile/15E148 Safari/604.1"
196.233.152.89 - - [30/Nov/2020:07:57:42 +0000] "GET /admin/devis?search=Chedli HTTP/1.1" 200 10185 "https://billiorich.com/admin/devis" "Mozilla/5.0 (iPhone; CPU iPhone OS 14_0 like Mac OS X) AppleWebKit/605.1.15 (KHTML, like Gecko) CriOS/86.0.4240.93 Mobile/15E148 Safari/604.1"
196.233.152.89 - - [30/Nov/2020:07:57:43 +0000] "GET /admin/devis?search=Chedli HTTP/1.1" 200 10185 "https://billiorich.com/admin/devis" "Mozilla/5.0 (iPhone; CPU iPhone OS 14_0 like Mac OS X) AppleWebKit/605.1.15 (KHTML, like Gecko) CriOS/86.0.4240.93 Mobile/15E148 Safari/604.1"
196.233.152.89 - - [30/Nov/2020:07:57:43 +0000] "GET /js/routing?callback=fos.Router.setData HTTP/1.1" 200 617 "https://billiorich.com/admin/devis?search=Chedli" "Mozilla/5.0 (iPhone; CPU iPhone OS 14_0 like Mac OS X) AppleWebKit/605.1.15 (KHTML, like Gecko) CriOS/86.0.4240.93 Mobile/15E148 Safari/604.1"
196.233.152.89 - - [30/Nov/2020:07:57:49 +0000] "GET /products/51-61 HTTP/1.1" 200 9410 "https://billiorich.com/admin/devis?search=Chedli" "Mozilla/5.0 (iPhone; CPU iPhone OS 14_0 like Mac OS X) AppleWebKit/605.1.15 (KHTML, like Gecko) CriOS/86.0.4240.93 Mobile/15E148 Safari/604.1"
196.233.152.89 - - [30/Nov/2020:07:57:49 +0000] "GET /assets/css/core-style.css HTTP/1.1" 200 7583 "https://billiorich.com/products/51-61" "Mozilla/5.0 (iPhone; CPU iPhone OS 14_0 like Mac OS X) AppleWebKit/605.1.15 (KHTML, like Gecko) CriOS/86.0.4240.93 Mobile/15E148 Safari/604.1"
196.233.152.89 - - [30/Nov/2020:07:57:50 +0000] "GET /assets/js/jquery/jquery-2.2.4.min.js HTTP/1.1" 200 30307 "https://billiorich.com/products/51-61" "Mozilla/5.0 (iPhone; CPU iPhone OS 14_0 like Mac OS X) AppleWebKit/605.1.15 (KHTML, like Gecko) CriOS/86.0.4240.93 Mobile/15E148 Safari/604.1"
196.233.152.89 - - [30/Nov/2020:07:57:50 +0000] "GET /assets/style.css HTTP/1.1" 200 4960 "https://billiorich.com/products/51-61" "Mozilla/5.0 (iPhone; CPU iPhone OS 14_0 like Mac OS X) AppleWebKit/605.1.15 (KHTML, like Gecko) CriOS/86.0.4240.93 Mobile/15E148 Safari/604.1"
196.233.152.89 - - [30/Nov/2020:07:57:50 +0000] "GET /assets/css/responsive.css HTTP/1.1" 200 4965 "https://billiorich.com/products/51-61" "Mozilla/5.0 (iPhone; CPU iPhone OS 14_0 like Mac OS X) AppleWebKit/605.1.15 (KHTML, like Gecko) CriOS/86.0.4240.93 Mobile/15E148 Safari/604.1"
196.233.152.89 - - [30/Nov/2020:07:57:50 +0000] "GET /assets/img/core-img/billio.jpg HTTP/1.1" 200 24540 "https://billiorich.com/products/51-61" "Mozilla/5.0 (iPhone; CPU iPhone OS 14_0 like Mac OS X) AppleWebKit/605.1.15 (KHTML, like Gecko) CriOS/86.0.4240.93 Mobile/15E148 Safari/604.1"
196.233.152.89 - - [30/Nov/2020:07:57:50 +0000] "GET /assets/js/popper.min.js HTTP/1.1" 200 7270 "https://billiorich.com/products/51-61" "Mozilla/5.0 (iPhone; CPU iPhone OS 14_0 like Mac OS X) AppleWebKit/605.1.15 (KHTML, like Gecko) CriOS/86.0.4240.93 Mobile/15E148 Safari/604.1"
196.233.152.89 - - [30/Nov/2020:07:57:50 +0000] "GET /assets/js/bootstrap.min.js HTTP/1.1" 200 13378 "https://billiorich.com/products/51-61" "Mozilla/5.0 (iPhone; CPU iPhone OS 14_0 like Mac OS X) AppleWebKit/605.1.15 (KHTML, like Gecko) CriOS/86.0.4240.93 Mobile/15E148 Safari/604.1"
196.233.152.89 - - [30/Nov/2020:07:57:50 +0000] "GET /assets/js/plugins.js HTTP/1.1" 200 93342 "https://billiorich.com/products/51-61" "Mozilla/5.0 (iPhone; CPU iPhone OS 14_0 like Mac OS X) AppleWebKit/605.1.15 (KHTML, like Gecko) CriOS/86.0.4240.93 Mobile/15E148 Safari/604.1"
196.233.152.89 - - [30/Nov/2020:07:57:50 +0000] "GET /assets/js/active.js HTTP/1.1" 200 2038 "https://billiorich.com/products/51-61" "Mozilla/5.0 (iPhone; CPU iPhone OS 14_0 like Mac OS X) AppleWebKit/605.1.15 (KHTML, like Gecko) CriOS/86.0.4240.93 Mobile/15E148 Safari/604.1"
196.233.152.89 - - [30/Nov/2020:07:57:50 +0000] "GET /assets/css/bootstrap.min.css HTTP/1.1" 200 20907 "https://billiorich.com/products/51-61" "Mozilla/5.0 (iPhone; CPU iPhone OS 14_0 like Mac OS X) AppleWebKit/605.1.15 (KHTML, like Gecko) CriOS/86.0.4240.93 Mobile/15E148 Safari/604.1"
196.233.152.89 - - [30/Nov/2020:07:57:50 +0000] "GET /assets/css/owl.carousel.css HTTP/1.1" 200 1462 "https://billiorich.com/products/51-61" "Mozilla/5.0 (iPhone; CPU iPhone OS 14_0 like Mac OS X) AppleWebKit/605.1.15 (KHTML, like Gecko) CriOS/86.0.4240.93 Mobile/15E148 Safari/604.1"
196.233.152.89 - - [30/Nov/2020:07:57:50 +0000] "GET /assets/css/font-awesome.min.css HTTP/1.1" 200 7464 "https://billiorich.com/products/51-61" "Mozilla/5.0 (iPhone; CPU iPhone OS 14_0 like Mac OS X) AppleWebKit/605.1.15 (KHTML, like Gecko) CriOS/86.0.4240.93 Mobile/15E148 Safari/604.1"
196.233.152.89 - - [30/Nov/2020:07:57:50 +0000] "GET /assets/css/themify-icons.css HTTP/1.1" 200 3391 "https://billiorich.com/products/51-61" "Mozilla/5.0 (iPhone; CPU iPhone OS 14_0 like Mac OS X) AppleWebKit/605.1.15 (KHTML, like Gecko) CriOS/86.0.4240.93 Mobile/15E148 Safari/604.1"
196.233.152.89 - - [30/Nov/2020:07:57:50 +0000] "GET /assets/css/magnific-popup.css HTTP/1.1" 200 1988 "https://billiorich.com/products/51-61" "Mozilla/5.0 (iPhone; CPU iPhone OS 14_0 like Mac OS X) AppleWebKit/605.1.15 (KHTML, like Gecko) CriOS/86.0.4240.93 Mobile/15E148 Safari/604.1"
196.233.152.89 - - [30/Nov/2020:07:57:50 +0000] "GET /assets/css/animate.css HTTP/1.1" 200 4576 "https://billiorich.com/products/51-61" "Mozilla/5.0 (iPhone; CPU iPhone OS 14_0 like Mac OS X) AppleWebKit/605.1.15 (KHTML, like Gecko) CriOS/86.0.4240.93 Mobile/15E148 Safari/604.1"
196.233.152.89 - - [30/Nov/2020:07:57:50 +0000] "GET /assets/css/jquery-ui.min.css HTTP/1.1" 200 3847 "https://billiorich.com/products/51-61" "Mozilla/5.0 (iPhone; CPU iPhone OS 14_0 like Mac OS X) AppleWebKit/605.1.15 (KHTML, like Gecko) CriOS/86.0.4240.93 Mobile/15E148 Safari/604.1"
196.233.152.89 - - [30/Nov/2020:07:57:50 +0000] "GET /uploads/product_images/D9B43EE3-4474-4F8A-87F9-CB583ABEF8BF.jpeg HTTP/1.1" 200 79805 "https://billiorich.com/products/51-61" "Mozilla/5.0 (iPhone; CPU iPhone OS 14_0 like Mac OS X) AppleWebKit/605.1.15 (KHTML, like Gecko) CriOS/86.0.4240.93 Mobile/15E148 Safari/604.1"
196.233.152.89 - - [30/Nov/2020:07:57:50 +0000] "GET /uploads/product_images/299662A2-EB44-45D8-B702-47ADE976A169.jpeg HTTP/1.1" 200 137782 "https://billiorich.com/products/51-61" "Mozilla/5.0 (iPhone; CPU iPhone OS 14_0 like Mac OS X) AppleWebKit/605.1.15 (KHTML, like Gecko) CriOS/86.0.4240.93 Mobile/15E148 Safari/604.1"
196.233.152.89 - - [30/Nov/2020:07:57:50 +0000] "GET /uploads/product_images/8EA27C75-3601-4426-9E72-C315F4307CBB.jpeg HTTP/1.1" 200 145444 "https://billiorich.com/products/51-61" "Mozilla/5.0 (iPhone; CPU iPhone OS 14_0 like Mac OS X) AppleWebKit/605.1.15 (KHTML, like Gecko) CriOS/86.0.4240.93 Mobile/15E148 Safari/604.1"
196.233.152.89 - - [30/Nov/2020:07:57:50 +0000] "GET /assets/fonts/dum1.ttf HTTP/1.1" 200 61021 "https://billiorich.com/products/51-61" "Mozilla/5.0 (iPhone; CPU iPhone OS 14_0 like Mac OS X) AppleWebKit/605.1.15 (KHTML, like Gecko) CriOS/86.0.4240.93 Mobile/15E148 Safari/604.1"
196.233.152.89 - - [30/Nov/2020:07:57:50 +0000] "GET /assets/fonts/fontawesome-webfont3e6e.woff2?v=4.7.0 HTTP/1.1" 200 77555 "https://billiorich.com/products/51-61" "Mozilla/5.0 (iPhone; CPU iPhone OS 14_0 like Mac OS X) AppleWebKit/605.1.15 (KHTML, like Gecko) CriOS/86.0.4240.93 Mobile/15E148 Safari/604.1"
173.194.101.225 - - [30/Nov/2020:07:59:05 +0000] "GET /products-feed HTTP/1.1" 200 9396 "-" "google-xrawler"
196.233.152.89 - - [30/Nov/2020:07:59:24 +0000] "GET /assets/fonts/themify9f24.woff?-fvbane HTTP/1.1" 200 60266 "https://billiorich.com/products/51-61" "Mozilla/5.0 (iPhone; CPU iPhone OS 14_0 like Mac OS X) AppleWebKit/605.1.15 (KHTML, like Gecko) CriOS/86.0.4240.93 Mobile/15E148 Safari/604.1"
192.99.13.186 - - [30/Nov/2020:07:59:34 +0000] "GET /products/63-76 HTTP/1.1" 200 8984 "-" "Mozilla/5.0 (compatible; MJ12bot/v1.4.8; http://mj12bot.com/)"
196.233.152.89 - - [30/Nov/2020:07:59:38 +0000] "GET /admin/devis/state/3145/Canceled HTTP/1.1" 302 4388 "https://billiorich.com/admin/devis?search=Chedli" "Mozilla/5.0 (iPhone; CPU iPhone OS 14_0 like Mac OS X) AppleWebKit/605.1.15 (KHTML, like Gecko) CriOS/86.0.4240.93 Mobile/15E148 Safari/604.1"
196.233.152.89 - - [30/Nov/2020:07:59:38 +0000] "GET /admin/devis HTTP/1.1" 200 14284 "https://billiorich.com/admin/devis?search=Chedli" "Mozilla/5.0 (iPhone; CPU iPhone OS 14_0 like Mac OS X) AppleWebKit/605.1.15 (KHTML, like Gecko) CriOS/86.0.4240.93 Mobile/15E148 Safari/604.1"
196.233.152.89 - - [30/Nov/2020:07:59:38 +0000] "GET /js/routing?callback=fos.Router.setData HTTP/1.1" 200 617 "https://billiorich.com/admin/devis" "Mozilla/5.0 (iPhone; CPU iPhone OS 14_0 like Mac OS X) AppleWebKit/605.1.15 (KHTML, like Gecko) CriOS/86.0.4240.93 Mobile/15E148 Safari/604.1"
192.99.13.186 - - [30/Nov/2020:07:59:44 +0000] "GET /products/64-78 HTTP/1.1" 200 8933 "-" "Mozilla/5.0 (compatible; MJ12bot/v1.4.8; http://mj12bot.com/)"
196.233.152.89 - - [30/Nov/2020:07:59:48 +0000] "GET / HTTP/1.1" 200 7961 "-" "Mozilla/5.0 (iPhone; CPU iPhone OS 14_0 like Mac OS X) AppleWebKit/605.1.15 (KHTML, like Gecko) CriOS/86.0.4240.93 Mobile/15E148 Safari/604.1"
196.233.152.89 - - [30/Nov/2020:07:59:48 +0000] "GET /assets/img/img-categories/tshirt.JPG HTTP/1.1" 200 71562 "https://billiorich.com/" "Mozilla/5.0 (iPhone; CPU iPhone OS 14_0 like Mac OS X) AppleWebKit/605.1.15 (KHTML, like Gecko) CriOS/86.0.4240.93 Mobile/15E148 Safari/604.1"
196.233.152.89 - - [30/Nov/2020:07:59:48 +0000] "GET /assets/img/bg-img/maillot-cover.jpeg HTTP/1.1" 200 1232607 "https://billiorich.com/" "Mozilla/5.0 (iPhone; CPU iPhone OS 14_0 like Mac OS X) AppleWebKit/605.1.15 (KHTML, like Gecko) CriOS/86.0.4240.93 Mobile/15E148 Safari/604.1"
196.233.152.89 - - [30/Nov/2020:07:59:48 +0000] "GET /assets/img/img-categories/jeans.JPG HTTP/1.1" 200 266624 "https://billiorich.com/" "Mozilla/5.0 (iPhone; CPU iPhone OS 14_0 like Mac OS X) AppleWebKit/605.1.15 (KHTML, like Gecko) CriOS/86.0.4240.93 Mobile/15E148 Safari/604.1"
196.233.152.89 - - [30/Nov/2020:07:59:48 +0000] "GET /assets/img/img-categories/chemise.JPG HTTP/1.1" 200 173107 "https://billiorich.com/" "Mozilla/5.0 (iPhone; CPU iPhone OS 14_0 like Mac OS X) AppleWebKit/605.1.15 (KHTML, like Gecko) CriOS/86.0.4240.93 Mobile/15E148 Safari/604.1"
196.233.152.89 - - [30/Nov/2020:07:59:48 +0000] "GET /assets/img/bg-img/image00001-min.jpeg HTTP/1.1" 200 439642 "https://billiorich.com/" "Mozilla/5.0 (iPhone; CPU iPhone OS 14_0 like Mac OS X) AppleWebKit/605.1.15 (KHTML, like Gecko) CriOS/86.0.4240.93 Mobile/15E148 Safari/604.1"
196.233.152.89 - - [30/Nov/2020:07:59:48 +0000] "GET /assets/img/img-categories/polo.jpg HTTP/1.1" 200 1620115 "https://billiorich.com/" "Mozilla/5.0 (iPhone; CPU iPhone OS 14_0 like Mac OS X) AppleWebKit/605.1.15 (KHTML, like Gecko) CriOS/86.0.4240.93 Mobile/15E148 Safari/604.1"
::1 - - [30/Nov/2020:07:59:52 +0000] "OPTIONS * HTTP/1.0" 200 126 "-" "Apache/2.4.29 (Ubuntu) OpenSSL/1.1.1 (internal dummy connection)"
196.233.152.89 - - [30/Nov/2020:07:59:53 +0000] "GET /products?category=T-Shirt HTTP/1.1" 200 9857 "https://billiorich.com/" "Mozilla/5.0 (iPhone; CPU iPhone OS 14_0 like Mac OS X) AppleWebKit/605.1.15 (KHTML, like Gecko) CriOS/86.0.4240.93 Mobile/15E148 Safari/604.1"
196.233.152.89 - - [30/Nov/2020:07:59:53 +0000] "GET /uploads/product_images/E1DF3DD8-70AA-4485-AAC0-61EBC4A3EC91.jpeg HTTP/1.1" 200 159195 "https://billiorich.com/products?category=T-Shirt" "Mozilla/5.0 (iPhone; CPU iPhone OS 14_0 like Mac OS X) AppleWebKit/605.1.15 (KHTML, like Gecko) CriOS/86.0.4240.93 Mobile/15E148 Safari/604.1"
196.233.152.89 - - [30/Nov/2020:07:59:53 +0000] "GET /uploads/product_images/CCE9ADAB-D493-4A2F-B023-755F86E73DD0.jpeg HTTP/1.1" 200 212621 "https://billiorich.com/products?category=T-Shirt" "Mozilla/5.0 (iPhone; CPU iPhone OS 14_0 like Mac OS X) AppleWebKit/605.1.15 (KHTML, like Gecko) CriOS/86.0.4240.93 Mobile/15E148 Safari/604.1"
196.233.152.89 - - [30/Nov/2020:07:59:53 +0000] "GET /uploads/product_images/809F6BEA-651A-4B27-A324-782261E73DB0.jpeg HTTP/1.1" 200 180989 "https://billiorich.com/products?category=T-Shirt" "Mozilla/5.0 (iPhone; CPU iPhone OS 14_0 like Mac OS X) AppleWebKit/605.1.15 (KHTML, like Gecko) CriOS/86.0.4240.93 Mobile/15E148 Safari/604.1"
196.233.152.89 - - [30/Nov/2020:07:59:53 +0000] "GET /uploads/product_images/9B00B239-E76B-4751-AE40-13989FF39436.jpeg HTTP/1.1" 200 181575 "https://billiorich.com/products?category=T-Shirt" "Mozilla/5.0 (iPhone; CPU iPhone OS 14_0 like Mac OS X) AppleWebKit/605.1.15 (KHTML, like Gecko) CriOS/86.0.4240.93 Mobile/15E148 Safari/604.1"
196.233.152.89 - - [30/Nov/2020:07:59:53 +0000] "GET /uploads/product_images/AAB1DC15-B703-45AF-84D4-8779DFFBC923.jpeg HTTP/1.1" 200 161614 "https://billiorich.com/products?category=T-Shirt" "Mozilla/5.0 (iPhone; CPU iPhone OS 14_0 like Mac OS X) AppleWebKit/605.1.15 (KHTML, like Gecko) CriOS/86.0.4240.93 Mobile/15E148 Safari/604.1"
196.233.152.89 - - [30/Nov/2020:07:59:54 +0000] "GET /uploads/product_images/3A9BFDDC-0855-431E-BD80-860EB739103D.jpeg HTTP/1.1" 200 173959 "https://billiorich.com/products?category=T-Shirt" "Mozilla/5.0 (iPhone; CPU iPhone OS 14_0 like Mac OS X) AppleWebKit/605.1.15 (KHTML, like Gecko) CriOS/86.0.4240.93 Mobile/15E148 Safari/604.1"
196.233.152.89 - - [30/Nov/2020:07:59:55 +0000] "GET /products/75-88 HTTP/1.1" 200 9472 "https://billiorich.com/products?category=T-Shirt" "Mozilla/5.0 (iPhone; CPU iPhone OS 14_0 like Mac OS X) AppleWebKit/605.1.15 (KHTML, like Gecko) CriOS/86.0.4240.93 Mobile/15E148 Safari/604.1"
196.233.152.89 - - [30/Nov/2020:07:59:56 +0000] "GET /uploads/product_images/9EE7CC06-EDA9-455A-928C-119847118FE1.jpeg HTTP/1.1" 200 122163 "https://billiorich.com/products/75-88" "Mozilla/5.0 (iPhone; CPU iPhone OS 14_0 like Mac OS X) AppleWebKit/605.1.15 (KHTML, like Gecko) CriOS/86.0.4240.93 Mobile/15E148 Safari/604.1"
196.233.152.89 - - [30/Nov/2020:07:59:56 +0000] "GET /uploads/product_images/EAAFC73F-FA9F-4E3C-BC8C-477DEFF4EA82.jpeg HTTP/1.1" 200 245564 "https://billiorich.com/products/75-88" "Mozilla/5.0 (iPhone; CPU iPhone OS 14_0 like Mac OS X) AppleWebKit/605.1.15 (KHTML, like Gecko) CriOS/86.0.4240.93 Mobile/15E148 Safari/604.1"
196.233.152.89 - - [30/Nov/2020:07:59:58 +0000] "POST /add-to-cart/75-88 HTTP/1.1" 302 4373 "https://billiorich.com/products/75-88" "Mozilla/5.0 (iPhone; CPU iPhone OS 14_0 like Mac OS X) AppleWebKit/605.1.15 (KHTML, like Gecko) CriOS/86.0.4240.93 Mobile/15E148 Safari/604.1"
196.233.152.89 - - [30/Nov/2020:07:59:58 +0000] "GET /products HTTP/1.1" 200 7174 "https://billiorich.com/products/75-88" "Mozilla/5.0 (iPhone; CPU iPhone OS 14_0 like Mac OS X) AppleWebKit/605.1.15 (KHTML, like Gecko) CriOS/86.0.4240.93 Mobile/15E148 Safari/604.1"
196.233.152.89 - - [30/Nov/2020:07:59:59 +0000] "GET /uploads/product_images/0AADCDCD-7652-451E-A64A-09F226752BED.jpeg HTTP/1.1" 200 318506 "https://billiorich.com/products" "Mozilla/5.0 (iPhone; CPU iPhone OS 14_0 like Mac OS X) AppleWebKit/605.1.15 (KHTML, like Gecko) CriOS/86.0.4240.93 Mobile/15E148 Safari/604.1"
196.233.152.89 - - [30/Nov/2020:07:59:59 +0000] "GET /uploads/product_images/FD4F8B3F-3C17-4F10-B57C-5BC253A97147.jpeg HTTP/1.1" 200 379174 "https://billiorich.com/products" "Mozilla/5.0 (iPhone; CPU iPhone OS 14_0 like Mac OS X) AppleWebKit/605.1.15 (KHTML, like Gecko) CriOS/86.0.4240.93 Mobile/15E148 Safari/604.1"
196.233.152.89 - - [30/Nov/2020:07:59:59 +0000] "GET /uploads/product_images/41057516-454A-45B2-80A8-86F2094E80BE.jpeg HTTP/1.1" 200 356179 "https://billiorich.com/products" "Mozilla/5.0 (iPhone; CPU iPhone OS 14_0 like Mac OS X) AppleWebKit/605.1.15 (KHTML, like Gecko) CriOS/86.0.4240.93 Mobile/15E148 Safari/604.1"
196.233.152.89 - - [30/Nov/2020:07:59:59 +0000] "GET /uploads/product_images/40FE516C-CBF3-4D3E-8BF7-77CCBBA786B4.jpeg HTTP/1.1" 200 248001 "https://billiorich.com/products" "Mozilla/5.0 (iPhone; CPU iPhone OS 14_0 like Mac OS X) AppleWebKit/605.1.15 (KHTML, like Gecko) CriOS/86.0.4240.93 Mobile/15E148 Safari/604.1"
196.233.152.89 - - [30/Nov/2020:07:59:59 +0000] "GET /uploads/product_images/16C753B0-81C3-4B43-8664-CB375DC765A1.jpeg HTTP/1.1" 200 356660 "https://billiorich.com/products" "Mozilla/5.0 (iPhone; CPU iPhone OS 14_0 like Mac OS X) AppleWebKit/605.1.15 (KHTML, like Gecko) CriOS/86.0.4240.93 Mobile/15E148 Safari/604.1"
192.99.13.186 - - [30/Nov/2020:07:59:59 +0000] "GET /products/65-79 HTTP/1.1" 200 8923 "-" "Mozilla/5.0 (compatible; MJ12bot/v1.4.8; http://mj12bot.com/)"
196.233.152.89 - - [30/Nov/2020:07:59:59 +0000] "GET /uploads/product_images/4CF434F5-28F7-4A1A-9F34-D1A2BCED4EB6.jpeg HTTP/1.1" 200 139424 "https://billiorich.com/products" "Mozilla/5.0 (iPhone; CPU iPhone OS 14_0 like Mac OS X) AppleWebKit/605.1.15 (KHTML, like Gecko) CriOS/86.0.4240.93 Mobile/15E148 Safari/604.1"
196.233.152.89 - - [30/Nov/2020:07:59:59 +0000] "GET /uploads/product_images/AAFE7EFB-4700-4D13-91B6-4F537BBA3CFF.jpeg HTTP/1.1" 200 159939 "https://billiorich.com/products" "Mozilla/5.0 (iPhone; CPU iPhone OS 14_0 like Mac OS X) AppleWebKit/605.1.15 (KHTML, like Gecko) CriOS/86.0.4240.93 Mobile/15E148 Safari/604.1"
196.233.152.89 - - [30/Nov/2020:07:59:59 +0000] "GET /uploads/product_images/D6A7118E-9099-4FF5-BD5D-27C637FFE931.jpeg HTTP/1.1" 200 151338 "https://billiorich.com/products" "Mozilla/5.0 (iPhone; CPU iPhone OS 14_0 like Mac OS X) AppleWebKit/605.1.15 (KHTML, like Gecko) CriOS/86.0.4240.93 Mobile/15E148 Safari/604.1"
196.233.152.89 - - [30/Nov/2020:07:59:59 +0000] "GET /uploads/product_images/95FE99E0-95EB-474A-A5DF-A18C1ACCEA44.jpeg HTTP/1.1" 200 166622 "https://billiorich.com/products" "Mozilla/5.0 (iPhone; CPU iPhone OS 14_0 like Mac OS X) AppleWebKit/605.1.15 (KHTML, like Gecko) CriOS/86.0.4240.93 Mobile/15E148 Safari/604.1"
196.233.152.89 - - [30/Nov/2020:07:59:59 +0000] "GET /uploads/product_images/36C6C65A-99F7-4C4C-9D3D-05E95E7498BC.jpeg HTTP/1.1" 200 171332 "https://billiorich.com/products" "Mozilla/5.0 (iPhone; CPU iPhone OS 14_0 like Mac OS X) AppleWebKit/605.1.15 (KHTML, like Gecko) CriOS/86.0.4240.93 Mobile/15E148 Safari/604.1"
196.233.152.89 - - [30/Nov/2020:07:59:59 +0000] "GET /uploads/product_images/3F974FC5-D1D7-4B58-9178-B52517512622.jpeg HTTP/1.1" 200 109165 "https://billiorich.com/products" "Mozilla/5.0 (iPhone; CPU iPhone OS 14_0 like Mac OS X) AppleWebKit/605.1.15 (KHTML, like Gecko) CriOS/86.0.4240.93 Mobile/15E148 Safari/604.1"
196.233.152.89 - - [30/Nov/2020:07:59:59 +0000] "GET /uploads/product_images/B2706704-1AF6-44BE-9D6F-5ADD6FC219AC.jpeg HTTP/1.1" 200 141313 "https://billiorich.com/products" "Mozilla/5.0 (iPhone; CPU iPhone OS 14_0 like Mac OS X) AppleWebKit/605.1.15 (KHTML, like Gecko) CriOS/86.0.4240.93 Mobile/15E148 Safari/604.1"
196.233.152.89 - - [30/Nov/2020:07:59:59 +0000] "GET /uploads/product_images/4972CD6F-B503-4F2A-869C-856365D328DE.jpeg HTTP/1.1" 200 330532 "https://billiorich.com/products" "Mozilla/5.0 (iPhone; CPU iPhone OS 14_0 like Mac OS X) AppleWebKit/605.1.15 (KHTML, like Gecko) CriOS/86.0.4240.93 Mobile/15E148 Safari/604.1"
