41.224.250.191 - - [30/Nov/2020:08:24:17 +0000] "GET /assets/css/animate.css HTTP/1.1" 200 4576 "https://billiorich.com/assets/css/core-style.css" "Mozilla/5.0 (Linux; Android 10; SM-G965F) AppleWebKit/537.36 (KHTML, like Gecko) Chrome/87.0.4280.66 Mobile Safari/537.36"
41.224.250.191 - - [30/Nov/2020:08:24:17 +0000] "GET /assets/css/jquery-ui.min.css HTTP/1.1" 200 3847 "https://billiorich.com/assets/css/core-style.css" "Mozilla/5.0 (Linux; Android 10; SM-G965F) AppleWebKit/537.36 (KHTML, like Gecko) Chrome/87.0.4280.66 Mobile Safari/537.36"
41.224.250.191 - - [30/Nov/2020:08:24:17 +0000] "GET /assets/js/popper.min.js HTTP/1.1" 200 7270 "https://billiorich.com/products?category=Jeans" "Mozilla/5.0 (Linux; Android 10; SM-G965F) AppleWebKit/537.36 (KHTML, like Gecko) Chrome/87.0.4280.66 Mobile Safari/537.36"
41.224.250.191 - - [30/Nov/2020:08:24:17 +0000] "GET /assets/js/jquery/jquery-2.2.4.min.js HTTP/1.1" 200 30307 "https://billiorich.com/products?category=Jeans" "Mozilla/5.0 (Linux; Android 10; SM-G965F) AppleWebKit/537.36 (KHTML, like Gecko) Chrome/87.0.4280.66 Mobile Safari/537.36"
41.224.250.191 - - [30/Nov/2020:08:24:17 +0000] "GET /assets/js/bootstrap.min.js HTTP/1.1" 200 13378 "https://billiorich.com/products?category=Jeans" "Mozilla/5.0 (Linux; Android 10; SM-G965F) AppleWebKit/537.36 (KHTML, like Gecko) Chrome/87.0.4280.66 Mobile Safari/537.36"
41.224.250.191 - - [30/Nov/2020:08:24:17 +0000] "GET /assets/js/active.js HTTP/1.1" 200 2038 "https://billiorich.com/products?category=Jeans" "Mozilla/5.0 (Linux; Android 10; SM-G965F) AppleWebKit/537.36 (KHTML, like Gecko) Chrome/87.0.4280.66 Mobile Safari/537.36"
41.224.250.191 - - [30/Nov/2020:08:24:17 +0000] "GET /assets/js/plugins.js HTTP/1.1" 200 93342 "https://billiorich.com/products?category=Jeans" "Mozilla/5.0 (Linux; Android 10; SM-G965F) AppleWebKit/537.36 (KHTML, like Gecko) Chrome/87.0.4280.66 Mobile Safari/537.36"
41.224.250.191 - - [30/Nov/2020:08:24:17 +0000] "GET /assets/fonts/dum1.ttf HTTP/1.1" 200 61021 "https://billiorich.com/assets/css/core-style.css" "Mozilla/5.0 (Linux; Android 10; SM-G965F) AppleWebKit/537.36 (KHTML, like Gecko) Chrome/87.0.4280.66 Mobile Safari/537.36"
41.224.250.191 - - [30/Nov/2020:08:24:17 +0000] "GET /assets/fonts/fontawesome-webfont3e6e.woff2?v=4.7.0 HTTP/1.1" 200 77555 "https://billiorich.com/assets/css/font-awesome.min.css" "Mozilla/5.0 (Linux; Android 10; SM-G965F) AppleWebKit/537.36 (KHTML, like Gecko) Chrome/87.0.4280.66 Mobile Safari/537.36"
41.224.250.191 - - [30/Nov/2020:08:24:17 +0000] "GET /assets/img/core-img/billio.jpg HTTP/1.1" 200 20791 "https://billiorich.com/products?category=Jeans" "Mozilla/5.0 (Linux; Android 10; SM-G965F) AppleWebKit/537.36 (KHTML, like Gecko) Chrome/87.0.4280.66 Mobile Safari/537.36"
41.224.250.191 - - [30/Nov/2020:08:24:17 +0000] "GET /uploads/product_images/789BE3EA-E172-4588-8AFE-97B83CEFC689.jpeg HTTP/1.1" 200 226516 "https://billiorich.com/products?category=Jeans" "Mozilla/5.0 (Linux; Android 10; SM-G965F) AppleWebKit/537.36 (KHTML, like Gecko) Chrome/87.0.4280.66 Mobile Safari/537.36"
41.224.250.191 - - [30/Nov/2020:08:24:17 +0000] "GET /uploads/product_images/C2570567-1C92-4B7C-BD95-72F8378FD3B3.jpeg HTTP/1.1" 200 163142 "https://billiorich.com/products?category=Jeans" "Mozilla/5.0 (Linux; Android 10; SM-G965F) AppleWebKit/537.36 (KHTML, like Gecko) Chrome/87.0.4280.66 Mobile Safari/537.36"
41.224.250.191 - - [30/Nov/2020:08:24:17 +0000] "GET /uploads/product_images/0422EC8D-EBC2-4029-9277-5A968A847416.jpeg HTTP/1.1" 200 234398 "https://billiorich.com/products?category=Jeans" "Mozilla/5.0 (Linux; Android 10; SM-G965F) AppleWebKit/537.36 (KHTML, like Gecko) Chrome/87.0.4280.66 Mobile Safari/537.36"
41.224.250.191 - - [30/Nov/2020:08:24:17 +0000] "GET /uploads/product_images/AE2ED3C5-5FF8-46C3-9227-6DDDC7C72CCA.jpeg HTTP/1.1" 200 242257 "https://billiorich.com/products?category=Jeans" "Mozilla/5.0 (Linux; Android 10; SM-G965F) AppleWebKit/537.36 (KHTML, like Gecko) Chrome/87.0.4280.66 Mobile Safari/537.36"
41.224.250.191 - - [30/Nov/2020:08:24:18 +0000] "GET /uploads/product_images/170360F9-C368-4F50-BDE7-2D2A211D948D.jpeg HTTP/1.1" 200 238211 "https://billiorich.com/products?category=Jeans" "Mozilla/5.0 (Linux; Android 10; SM-G965F) AppleWebKit/537.36 (KHTML, like Gecko) Chrome/87.0.4280.66 Mobile Safari/537.36"
41.224.250.191 - - [30/Nov/2020:08:24:18 +0000] "GET /uploads/product_images/B52B0DF0-DF84-457C-9037-919818A43926.jpeg HTTP/1.1" 200 245013 "https://billiorich.com/products?category=Jeans" "Mozilla/5.0 (Linux; Android 10; SM-G965F) AppleWebKit/537.36 (KHTML, like Gecko) Chrome/87.0.4280.66 Mobile Safari/537.36"
41.224.250.191 - - [30/Nov/2020:08:24:19 +0000] "GET /assets/img/core-img/billio.png HTTP/1.1" 200 181842 "https://billiorich.com/products?category=Jeans" "Mozilla/5.0 (Linux; Android 10; SM-G965F) AppleWebKit/537.36 (KHTML, like Gecko) Chrome/87.0.4280.66 Mobile Safari/537.36"
41.224.250.191 - - [30/Nov/2020:08:24:21 +0000] "GET /assets/fonts/themify9f24.woff?-fvbane HTTP/1.1" 200 56517 "https://billiorich.com/assets/css/themify-icons.css" "Mozilla/5.0 (Linux; Android 10; SM-G965F) AppleWebKit/537.36 (KHTML, like Gecko) Chrome/87.0.4280.66 Mobile Safari/537.36"
41.224.250.191 - - [30/Nov/2020:08:24:21 +0000] "POST /products?category=Jeans HTTP/1.1" 200 10681 "https://billiorich.com/products?category=Jeans" "Mozilla/5.0 (Linux; Android 10; SM-G965F) AppleWebKit/537.36 (KHTML, like Gecko) Chrome/87.0.4280.66 Mobile Safari/537.36"
41.224.250.191 - - [30/Nov/2020:08:24:22 +0000] "GET /uploads/product_images/E9F0EDD7-DDC5-4F54-9723-FDF7292A0009.jpeg HTTP/1.1" 200 145515 "https://billiorich.com/products?category=Jeans" "Mozilla/5.0 (Linux; Android 10; SM-G965F) AppleWebKit/537.36 (KHTML, like Gecko) Chrome/87.0.4280.66 Mobile Safari/537.36"
41.224.250.191 - - [30/Nov/2020:08:24:22 +0000] "GET /uploads/product_images/E36CDB5C-3F55-4A91-B4F0-F7D596ED015F.jpeg HTTP/1.1" 200 137555 "https://billiorich.com/products?category=Jeans" "Mozilla/5.0 (Linux; Android 10; SM-G965F) AppleWebKit/537.36 (KHTML, like Gecko) Chrome/87.0.4280.66 Mobile Safari/537.36"
41.224.250.191 - - [30/Nov/2020:08:24:22 +0000] "POST /products?category=Jeans HTTP/1.1" 200 10775 "https://billiorich.com/products?category=Jeans" "Mozilla/5.0 (Linux; Android 10; SM-G965F) AppleWebKit/537.36 (KHTML, like Gecko) Chrome/87.0.4280.66 Mobile Safari/537.36"
41.224.250.191 - - [30/Nov/2020:08:24:22 +0000] "GET /uploads/product_images/8ED60B0D-DC1D-4854-AFEB-199B412D50BE.jpeg HTTP/1.1" 200 191956 "https://billiorich.com/products?category=Jeans" "Mozilla/5.0 (Linux; Android 10; SM-G965F) AppleWebKit/537.36 (KHTML, like Gecko) Chrome/87.0.4280.66 Mobile Safari/537.36"
41.224.250.191 - - [30/Nov/2020:08:24:22 +0000] "GET /uploads/product_images/DB29F4D3-EEA2-42F7-A850-972A671FE274.jpeg HTTP/1.1" 200 217524 "https://billiorich.com/products?category=Jeans" "Mozilla/5.0 (Linux; Android 10; SM-G965F) AppleWebKit/537.36 (KHTML, like Gecko) Chrome/87.0.4280.66 Mobile Safari/537.36"
41.224.250.191 - - [30/Nov/2020:08:24:22 +0000] "GET /uploads/product_images/9752D27C-F725-4074-B50D-5D610D2C056D.jpeg HTTP/1.1" 200 189066 "https://billiorich.com/products?category=Jeans" "Mozilla/5.0 (Linux; Android 10; SM-G965F) AppleWebKit/537.36 (KHTML, like Gecko) Chrome/87.0.4280.66 Mobile Safari/537.36"
41.224.250.191 - - [30/Nov/2020:08:24:22 +0000] "GET /uploads/product_images/FB055425-9AE0-4D4A-84B9-6AF420C8751F.jpeg HTTP/1.1" 200 195568 "https://billiorich.com/products?category=Jeans" "Mozilla/5.0 (Linux; Android 10; SM-G965F) AppleWebKit/537.36 (KHTML, like Gecko) Chrome/87.0.4280.66 Mobile Safari/537.36"
41.224.250.191 - - [30/Nov/2020:08:24:22 +0000] "GET /uploads/product_images/E39D8DE4-F1F8-4EA3-BF96-BF0FB109B296.jpeg HTTP/1.1" 200 201330 "https://billiorich.com/products?category=Jeans" "Mozilla/5.0 (Linux; Android 10; SM-G965F) AppleWebKit/537.36 (KHTML, like Gecko) Chrome/87.0.4280.66 Mobile Safari/537.36"
41.224.250.191 - - [30/Nov/2020:08:24:22 +0000] "GET /uploads/product_images/1577B08A-6B18-4F5E-B01A-2DBE6985E334.jpeg HTTP/1.1" 200 168237 "https://billiorich.com/products?category=Jeans" "Mozilla/5.0 (Linux; Android 10; SM-G965F) AppleWebKit/537.36 (KHTML, like Gecko) Chrome/87.0.4280.66 Mobile Safari/537.36"
41.224.250.191 - - [30/Nov/2020:08:24:22 +0000] "GET /uploads/product_images/1E8C72A1-19A3-4509-B5FF-33F4207C78F9.jpeg HTTP/1.1" 200 120508 "https://billiorich.com/products?category=Jeans" "Mozilla/5.0 (Linux; Android 10; SM-G965F) AppleWebKit/537.36 (KHTML, like Gecko) Chrome/87.0.4280.66 Mobile Safari/537.36"
41.224.250.191 - - [30/Nov/2020:08:24:22 +0000] "POST /products?category=Jeans HTTP/1.1" 200 10471 "https://billiorich.com/products?category=Jeans" "Mozilla/5.0 (Linux; Android 10; SM-G965F) AppleWebKit/537.36 (KHTML, like Gecko) Chrome/87.0.4280.66 Mobile Safari/537.36"
41.224.250.191 - - [30/Nov/2020:08:24:22 +0000] "GET /uploads/product_images/801D576A-9DD7-408A-B2BF-0ACDA075B473.jpeg HTTP/1.1" 200 206787 "https://billiorich.com/products?category=Jeans" "Mozilla/5.0 (Linux; Android 10; SM-G965F) AppleWebKit/537.36 (KHTML, like Gecko) Chrome/87.0.4280.66 Mobile Safari/537.36"
41.224.250.191 - - [30/Nov/2020:08:24:22 +0000] "GET /uploads/product_images/42D986F2-C07C-4DAD-834B-63857BC62B96.jpeg HTTP/1.1" 200 128649 "https://billiorich.com/products?category=Jeans" "Mozilla/5.0 (Linux; Android 10; SM-G965F) AppleWebKit/537.36 (KHTML, like Gecko) Chrome/87.0.4280.66 Mobile Safari/537.36"
41.224.250.191 - - [30/Nov/2020:08:24:23 +0000] "GET /uploads/product_images/F2576E19-AD39-4FC2-90B0-ABCA3D102A0B.jpeg HTTP/1.1" 200 123725 "https://billiorich.com/products?category=Jeans" "Mozilla/5.0 (Linux; Android 10; SM-G965F) AppleWebKit/537.36 (KHTML, like Gecko) Chrome/87.0.4280.66 Mobile Safari/537.36"
41.224.250.191 - - [30/Nov/2020:08:24:23 +0000] "POST /products?category=Jeans HTTP/1.1" 200 8644 "https://billiorich.com/products?category=Jeans" "Mozilla/5.0 (Linux; Android 10; SM-G965F) AppleWebKit/537.36 (KHTML, like Gecko) Chrome/87.0.4280.66 Mobile Safari/537.36"
41.224.250.191 - - [30/Nov/2020:08:24:23 +0000] "GET /uploads/product_images/599DD050-D7EC-4BF2-8624-4E1BAB4A74A5.jpeg HTTP/1.1" 200 86072 "https://billiorich.com/products?category=Jeans" "Mozilla/5.0 (Linux; Android 10; SM-G965F) AppleWebKit/537.36 (KHTML, like Gecko) Chrome/87.0.4280.66 Mobile Safari/537.36"
41.224.250.191 - - [30/Nov/2020:08:24:23 +0000] "GET /uploads/product_images/2504B4ED-B623-4F45-B74B-B88B374C9AE2.jpeg HTTP/1.1" 200 85021 "https://billiorich.com/products?category=Jeans" "Mozilla/5.0 (Linux; Android 10; SM-G965F) AppleWebKit/537.36 (KHTML, like Gecko) Chrome/87.0.4280.66 Mobile Safari/537.36"
41.224.250.191 - - [30/Nov/2020:08:24:23 +0000] "GET /uploads/product_images/0FD9BD89-4CE3-4533-B3FF-BEA51E2D99B7.jpeg HTTP/1.1" 200 156055 "https://billiorich.com/products?category=Jeans" "Mozilla/5.0 (Linux; Android 10; SM-G965F) AppleWebKit/537.36 (KHTML, like Gecko) Chrome/87.0.4280.66 Mobile Safari/537.36"
41.224.250.191 - - [30/Nov/2020:08:24:23 +0000] "GET /uploads/product_images/30079E7B-ADB0-4DF5-AAAC-6964ADF3208A.jpeg HTTP/1.1" 200 185853 "https://billiorich.com/products?category=Jeans" "Mozilla/5.0 (Linux; Android 10; SM-G965F) AppleWebKit/537.36 (KHTML, like Gecko) Chrome/87.0.4280.66 Mobile Safari/537.36"
::1 - - [30/Nov/2020:08:24:29 +0000] "OPTIONS * HTTP/1.0" 200 126 "-" "Apache/2.4.29 (Ubuntu) OpenSSL/1.1.1 (internal dummy connection)"
41.224.250.191 - - [30/Nov/2020:08:25:00 +0000] "POST /products?category=Jeans HTTP/1.1" 200 872 "https://billiorich.com/products?category=Jeans" "Mozilla/5.0 (Linux; Android 10; SM-G965F) AppleWebKit/537.36 (KHTML, like Gecko) Chrome/87.0.4280.66 Mobile Safari/537.36"
41.224.250.191 - - [30/Nov/2020:08:25:01 +0000] "GET /uploads/product_images/5.jpg HTTP/1.1" 200 266457 "https://billiorich.com/products?category=Jeans" "Mozilla/5.0 (Linux; Android 10; SM-G965F) AppleWebKit/537.36 (KHTML, like Gecko) Chrome/87.0.4280.66 Mobile Safari/537.36"
41.224.250.191 - - [30/Nov/2020:08:25:01 +0000] "GET /uploads/product_images/31476DBF-018F-4580-B066-BA2C302931E4.jpg HTTP/1.1" 200 113685 "https://billiorich.com/products?category=Jeans" "Mozilla/5.0 (Linux; Android 10; SM-G965F) AppleWebKit/537.36 (KHTML, like Gecko) Chrome/87.0.4280.66 Mobile Safari/537.36"
41.224.250.191 - - [30/Nov/2020:08:25:02 +0000] "GET /uploads/product_images/6c.jpg HTTP/1.1" 200 1090107 "https://billiorich.com/products?category=Jeans" "Mozilla/5.0 (Linux; Android 10; SM-G965F) AppleWebKit/537.36 (KHTML, like Gecko) Chrome/87.0.4280.66 Mobile Safari/537.36"
41.224.250.191 - - [30/Nov/2020:08:25:02 +0000] "GET /uploads/product_images/7D77B0E4-4E6C-4CAA-8803-74B9D3B0460C.jpeg HTTP/1.1" 200 1092645 "https://billiorich.com/products?category=Jeans" "Mozilla/5.0 (Linux; Android 10; SM-G965F) AppleWebKit/537.36 (KHTML, like Gecko) Chrome/87.0.4280.66 Mobile Safari/537.36"
41.224.250.191 - - [30/Nov/2020:08:25:06 +0000] "GET /uploads/product_images/2CD605D8-A064-4BA1-99D1-E751BBB795CC.jpeg HTTP/1.1" 200 103206 "https://billiorich.com/products?category=Jeans" "Mozilla/5.0 (Linux; Android 10; SM-G965F) AppleWebKit/537.36 (KHTML, like Gecko) Chrome/87.0.4280.66 Mobile Safari/537.36"
41.224.250.191 - - [30/Nov/2020:08:25:06 +0000] "GET /uploads/product_images/J71A7471.jpg HTTP/1.1" 200 1223305 "https://billiorich.com/products?category=Jeans" "Mozilla/5.0 (Linux; Android 10; SM-G965F) AppleWebKit/537.36 (KHTML, like Gecko) Chrome/87.0.4280.66 Mobile Safari/537.36"
41.224.250.191 - - [30/Nov/2020:08:25:08 +0000] "GET /uploads/product_images/_61A0800N1.jpg HTTP/1.1" 200 206983 "https://billiorich.com/products?category=Jeans" "Mozilla/5.0 (Linux; Android 10; SM-G965F) AppleWebKit/537.36 (KHTML, like Gecko) Chrome/87.0.4280.66 Mobile Safari/537.36"
196.230.203.105 - - [30/Nov/2020:08:25:08 +0000] "GET /admin/devis/print/3228 HTTP/1.1" 200 2884 "https://billiorich.com/admin/devis?page=1" "Mozilla/5.0 (Windows NT 6.1) AppleWebKit/537.36 (KHTML, like Gecko) Chrome/87.0.4280.66 Safari/537.36"
196.230.203.105 - - [30/Nov/2020:08:25:09 +0000] "GET /js/routing?callback=fos.Router.setData HTTP/1.1" 200 617 "https://billiorich.com/admin/devis/print/3228" "Mozilla/5.0 (Windows NT 6.1) AppleWebKit/537.36 (KHTML, like Gecko) Chrome/87.0.4280.66 Safari/537.36"
41.224.250.191 - - [30/Nov/2020:08:25:08 +0000] "GET /uploads/product_images/_61A0824N1.jpg HTTP/1.1" 200 218009 "https://billiorich.com/products?category=Jeans" "Mozilla/5.0 (Linux; Android 10; SM-G965F) AppleWebKit/537.36 (KHTML, like Gecko) Chrome/87.0.4280.66 Mobile Safari/537.36"
196.230.203.105 - - [30/Nov/2020:08:25:28 +0000] "-" 408 559 "-" "-"
196.230.203.105 - - [30/Nov/2020:08:26:22 +0000] "GET /products/109-132 HTTP/1.1" 200 6316 "https://billiorich.com/admin/devis?page=1" "Mozilla/5.0 (Windows NT 6.1) AppleWebKit/537.36 (KHTML, like Gecko) Chrome/87.0.4280.66 Safari/537.36"
196.230.203.105 - - [30/Nov/2020:08:26:22 +0000] "GET /uploads/product_images/9275A40B-D957-43E4-9961-45CED9D50D53.jpeg HTTP/1.1" 304 764 "https://billiorich.com/products/109-132" "Mozilla/5.0 (Windows NT 6.1) AppleWebKit/537.36 (KHTML, like Gecko) Chrome/87.0.4280.66 Safari/537.36"
196.230.203.105 - - [30/Nov/2020:08:26:22 +0000] "GET /uploads/product_images/41057516-454A-45B2-80A8-86F2094E80BE.jpeg HTTP/1.1" 304 204 "https://billiorich.com/products/109-132" "Mozilla/5.0 (Windows NT 6.1) AppleWebKit/537.36 (KHTML, like Gecko) Chrome/87.0.4280.66 Safari/537.36"
196.230.203.105 - - [30/Nov/2020:08:26:22 +0000] "GET /uploads/product_images/21D9EBFD-51EB-4F2B-B3A4-549E4317868E.jpeg HTTP/1.1" 304 204 "https://billiorich.com/products/109-132" "Mozilla/5.0 (Windows NT 6.1) AppleWebKit/537.36 (KHTML, like Gecko) Chrome/87.0.4280.66 Safari/537.36"
196.230.203.105 - - [30/Nov/2020:08:26:22 +0000] "GET /uploads/product_images/40FE516C-CBF3-4D3E-8BF7-77CCBBA786B4.jpeg HTTP/1.1" 304 204 "https://billiorich.com/products/109-132" "Mozilla/5.0 (Windows NT 6.1) AppleWebKit/537.36 (KHTML, like Gecko) Chrome/87.0.4280.66 Safari/537.36"
196.230.203.105 - - [30/Nov/2020:08:26:22 +0000] "GET /uploads/product_images/FD4F8B3F-3C17-4F10-B57C-5BC253A97147.jpeg HTTP/1.1" 304 764 "https://billiorich.com/products/109-132" "Mozilla/5.0 (Windows NT 6.1) AppleWebKit/537.36 (KHTML, like Gecko) Chrome/87.0.4280.66 Safari/537.36"
196.230.203.105 - - [30/Nov/2020:08:26:42 +0000] "-" 408 559 "-" "-"
196.230.203.105 - - [30/Nov/2020:08:26:42 +0000] "-" 408 3748 "-" "-"
196.230.203.105 - - [30/Nov/2020:08:27:13 +0000] "GET /admin/devis/print/3220 HTTP/1.1" 200 2882 "https://billiorich.com/admin/devis?page=1" "Mozilla/5.0 (Windows NT 6.1) AppleWebKit/537.36 (KHTML, like Gecko) Chrome/87.0.4280.66 Safari/537.36"
196.230.203.105 - - [30/Nov/2020:08:27:13 +0000] "GET /js/routing?callback=fos.Router.setData HTTP/1.1" 200 617 "https://billiorich.com/admin/devis/print/3220" "Mozilla/5.0 (Windows NT 6.1) AppleWebKit/537.36 (KHTML, like Gecko) Chrome/87.0.4280.66 Safari/537.36"
185.191.171.43 - - [30/Nov/2020:08:27:14 +0000] "GET /products/57-73 HTTP/1.1" 200 9444 "-" "Mozilla/5.0 (compatible; SemrushBot/7~bl; +http://www.semrush.com/bot.html)"
196.233.152.89 - - [30/Nov/2020:08:27:16 +0000] "GET /products/22-35 HTTP/1.1" 200 9501 "https://billiorich.com/admin/devis" "Mozilla/5.0 (iPhone; CPU iPhone OS 14_0 like Mac OS X) AppleWebKit/605.1.15 (KHTML, like Gecko) CriOS/86.0.4240.93 Mobile/15E148 Safari/604.1"
196.233.152.89 - - [30/Nov/2020:08:27:16 +0000] "GET /uploads/product_images/_61A0824N1.jpg HTTP/1.1" 200 218009 "https://billiorich.com/products/22-35" "Mozilla/5.0 (iPhone; CPU iPhone OS 14_0 like Mac OS X) AppleWebKit/605.1.15 (KHTML, like Gecko) CriOS/86.0.4240.93 Mobile/15E148 Safari/604.1"
196.233.152.89 - - [30/Nov/2020:08:27:16 +0000] "GET /uploads/product_images/_61A0800N1.jpg HTTP/1.1" 200 206983 "https://billiorich.com/products/22-35" "Mozilla/5.0 (iPhone; CPU iPhone OS 14_0 like Mac OS X) AppleWebKit/605.1.15 (KHTML, like Gecko) CriOS/86.0.4240.93 Mobile/15E148 Safari/604.1"
196.233.152.89 - - [30/Nov/2020:08:27:16 +0000] "GET /uploads/product_images/_61A0826N1.jpg HTTP/1.1" 200 210751 "https://billiorich.com/products/22-35" "Mozilla/5.0 (iPhone; CPU iPhone OS 14_0 like Mac OS X) AppleWebKit/605.1.15 (KHTML, like Gecko) CriOS/86.0.4240.93 Mobile/15E148 Safari/604.1"
196.233.152.89 - - [30/Nov/2020:08:27:16 +0000] "GET /uploads/product_images/_61A0828N1.jpg HTTP/1.1" 200 232375 "https://billiorich.com/products/22-35" "Mozilla/5.0 (iPhone; CPU iPhone OS 14_0 like Mac OS X) AppleWebKit/605.1.15 (KHTML, like Gecko) CriOS/86.0.4240.93 Mobile/15E148 Safari/604.1"
196.233.152.89 - - [30/Nov/2020:08:27:16 +0000] "GET /uploads/product_images/_61A0833N1.jpg HTTP/1.1" 200 408704 "https://billiorich.com/products/22-35" "Mozilla/5.0 (iPhone; CPU iPhone OS 14_0 like Mac OS X) AppleWebKit/605.1.15 (KHTML, like Gecko) CriOS/86.0.4240.93 Mobile/15E148 Safari/604.1"
196.230.203.105 - - [30/Nov/2020:08:27:33 +0000] "-" 408 559 "-" "-"
::1 - - [30/Nov/2020:08:27:35 +0000] "OPTIONS * HTTP/1.0" 200 126 "-" "Apache/2.4.29 (Ubuntu) OpenSSL/1.1.1 (internal dummy connection)"
196.233.152.89 - - [30/Nov/2020:08:27:43 +0000] "GET /products/40-51 HTTP/1.1" 200 9505 "https://billiorich.com/admin/devis" "Mozilla/5.0 (iPhone; CPU iPhone OS 14_0 like Mac OS X) AppleWebKit/605.1.15 (KHTML, like Gecko) CriOS/86.0.4240.93 Mobile/15E148 Safari/604.1"
196.233.152.89 - - [30/Nov/2020:08:27:43 +0000] "GET /uploads/product_images/31476DBF-018F-4580-B066-BA2C302931E4.jpg HTTP/1.1" 200 113125 "https://billiorich.com/products/40-51" "Mozilla/5.0 (iPhone; CPU iPhone OS 14_0 like Mac OS X) AppleWebKit/605.1.15 (KHTML, like Gecko) CriOS/86.0.4240.93 Mobile/15E148 Safari/604.1"
196.233.152.89 - - [30/Nov/2020:08:27:43 +0000] "GET /uploads/product_images/0B6D435B-33B4-477A-A914-EAD5F3B2E29D.jpg HTTP/1.1" 200 109787 "https://billiorich.com/products/40-51" "Mozilla/5.0 (iPhone; CPU iPhone OS 14_0 like Mac OS X) AppleWebKit/605.1.15 (KHTML, like Gecko) CriOS/86.0.4240.93 Mobile/15E148 Safari/604.1"
196.233.152.89 - - [30/Nov/2020:08:27:43 +0000] "GET /uploads/product_images/9BFEA4E7-0038-4C9E-867A-1AB1FF1FB95A.jpg HTTP/1.1" 200 249907 "https://billiorich.com/products/40-51" "Mozilla/5.0 (iPhone; CPU iPhone OS 14_0 like Mac OS X) AppleWebKit/605.1.15 (KHTML, like Gecko) CriOS/86.0.4240.93 Mobile/15E148 Safari/604.1"
196.233.152.89 - - [30/Nov/2020:08:27:43 +0000] "GET /uploads/product_images/4B5D1D82-530A-4111-8688-0FFA09BAEA83.jpg HTTP/1.1" 200 265752 "https://billiorich.com/products/40-51" "Mozilla/5.0 (iPhone; CPU iPhone OS 14_0 like Mac OS X) AppleWebKit/605.1.15 (KHTML, like Gecko) CriOS/86.0.4240.93 Mobile/15E148 Safari/604.1"
196.230.203.105 - - [30/Nov/2020:08:30:08 +0000] "GET /products?category=StreetCouture HTTP/1.1" 200 10557 "https://billiorich.com/products/82-95" "Mozilla/5.0 (iPhone; CPU iPhone OS 14_0_1 like Mac OS X) AppleWebKit/605.1.15 (KHTML, like Gecko) Version/14.0 Mobile/15E148 Safari/604.1"
196.230.203.105 - - [30/Nov/2020:08:30:09 +0000] "GET /products/110-136 HTTP/1.1" 200 5703 "https://billiorich.com/products?category=StreetCouture" "Mozilla/5.0 (iPhone; CPU iPhone OS 14_0_1 like Mac OS X) AppleWebKit/605.1.15 (KHTML, like Gecko) Version/14.0 Mobile/15E148 Safari/604.1"
196.230.203.105 - - [30/Nov/2020:08:30:09 +0000] "GET /uploads/product_images/037082F4-7C9D-4FE4-8456-09E86C5CE976.jpeg HTTP/1.1" 200 353672 "https://billiorich.com/products/110-136" "Mozilla/5.0 (iPhone; CPU iPhone OS 14_0_1 like Mac OS X) AppleWebKit/605.1.15 (KHTML, like Gecko) Version/14.0 Mobile/15E148 Safari/604.1"
196.230.203.105 - - [30/Nov/2020:08:30:11 +0000] "POST /add-to-cart/110-136 HTTP/1.1" 302 4373 "https://billiorich.com/products/110-136" "Mozilla/5.0 (iPhone; CPU iPhone OS 14_0_1 like Mac OS X) AppleWebKit/605.1.15 (KHTML, like Gecko) Version/14.0 Mobile/15E148 Safari/604.1"
196.230.203.105 - - [30/Nov/2020:08:30:12 +0000] "GET /products HTTP/1.1" 200 7177 "https://billiorich.com/products/110-136" "Mozilla/5.0 (iPhone; CPU iPhone OS 14_0_1 like Mac OS X) AppleWebKit/605.1.15 (KHTML, like Gecko) Version/14.0 Mobile/15E148 Safari/604.1"
196.230.203.105 - - [30/Nov/2020:08:30:13 +0000] "GET /products/110-135 HTTP/1.1" 200 5759 "https://billiorich.com/products" "Mozilla/5.0 (iPhone; CPU iPhone OS 14_0_1 like Mac OS X) AppleWebKit/605.1.15 (KHTML, like Gecko) Version/14.0 Mobile/15E148 Safari/604.1"
196.230.203.105 - - [30/Nov/2020:08:30:15 +0000] "POST /add-to-cart/110-135 HTTP/1.1" 302 4373 "https://billiorich.com/products/110-135" "Mozilla/5.0 (iPhone; CPU iPhone OS 14_0_1 like Mac OS X) AppleWebKit/605.1.15 (KHTML, like Gecko) Version/14.0 Mobile/15E148 Safari/604.1"
196.230.203.105 - - [30/Nov/2020:08:30:15 +0000] "GET /products HTTP/1.1" 200 7177 "https://billiorich.com/products/110-135" "Mozilla/5.0 (iPhone; CPU iPhone OS 14_0_1 like Mac OS X) AppleWebKit/605.1.15 (KHTML, like Gecko) Version/14.0 Mobile/15E148 Safari/604.1"
196.233.152.89 - - [30/Nov/2020:08:30:15 +0000] "GET /products/53-63 HTTP/1.1" 200 9476 "https://billiorich.com/admin/devis" "Mozilla/5.0 (iPhone; CPU iPhone OS 14_0 like Mac OS X) AppleWebKit/605.1.15 (KHTML, like Gecko) CriOS/86.0.4240.93 Mobile/15E148 Safari/604.1"
196.233.152.89 - - [30/Nov/2020:08:30:16 +0000] "GET /uploads/product_images/5ABDACFE-F833-4D23-883B-AD3F03AF58F0.jpeg HTTP/1.1" 200 72381 "https://billiorich.com/products/53-63" "Mozilla/5.0 (iPhone; CPU iPhone OS 14_0 like Mac OS X) AppleWebKit/605.1.15 (KHTML, like Gecko) CriOS/86.0.4240.93 Mobile/15E148 Safari/604.1"
196.233.152.89 - - [30/Nov/2020:08:30:16 +0000] "GET /uploads/product_images/304E6321-2583-4CC4-BE1A-39BB0138D9F6.jpeg HTTP/1.1" 200 123169 "https://billiorich.com/products/53-63" "Mozilla/5.0 (iPhone; CPU iPhone OS 14_0 like Mac OS X) AppleWebKit/605.1.15 (KHTML, like Gecko) CriOS/86.0.4240.93 Mobile/15E148 Safari/604.1"
196.233.152.89 - - [30/Nov/2020:08:30:16 +0000] "GET /uploads/product_images/CB824F54-C7CA-4273-B3D7-CAD82186B45F.jpeg HTTP/1.1" 200 89352 "https://billiorich.com/products/53-63" "Mozilla/5.0 (iPhone; CPU iPhone OS 14_0 like Mac OS X) AppleWebKit/605.1.15 (KHTML, like Gecko) CriOS/86.0.4240.93 Mobile/15E148 Safari/604.1"
196.230.203.105 - - [30/Nov/2020:08:30:16 +0000] "GET /cart-page HTTP/1.1" 200 5527 "https://billiorich.com/products" "Mozilla/5.0 (iPhone; CPU iPhone OS 14_0_1 like Mac OS X) AppleWebKit/605.1.15 (KHTML, like Gecko) Version/14.0 Mobile/15E148 Safari/604.1"
196.233.152.89 - - [30/Nov/2020:08:30:16 +0000] "GET /uploads/product_images/EEB633BE-01D4-4FFF-B2EC-D0E994AFEF95.jpeg HTTP/1.1" 200 234940 "https://billiorich.com/products/53-63" "Mozilla/5.0 (iPhone; CPU iPhone OS 14_0 like Mac OS X) AppleWebKit/605.1.15 (KHTML, like Gecko) CriOS/86.0.4240.93 Mobile/15E148 Safari/604.1"
196.230.203.105 - - [30/Nov/2020:08:30:16 +0000] "GET /js/routing?callback=fos.Router.setData HTTP/1.1" 200 617 "https://billiorich.com/checkout-page" "Mozilla/5.0 (iPhone; CPU iPhone OS 14_0_1 like Mac OS X) AppleWebKit/605.1.15 (KHTML, like Gecko) Version/14.0 Mobile/15E148 Safari/604.1"
196.230.203.105 - - [30/Nov/2020:08:30:17 +0000] "POST /cart-page HTTP/1.1" 302 649 "https://billiorich.com/cart-page" "Mozilla/5.0 (iPhone; CPU iPhone OS 14_0_1 like Mac OS X) AppleWebKit/605.1.15 (KHTML, like Gecko) Version/14.0 Mobile/15E148 Safari/604.1"
196.230.203.105 - - [30/Nov/2020:08:30:18 +0000] "GET /checkout-page HTTP/1.1" 200 8853 "https://billiorich.com/cart-page" "Mozilla/5.0 (iPhone; CPU iPhone OS 14_0_1 like Mac OS X) AppleWebKit/605.1.15 (KHTML, like Gecko) Version/14.0 Mobile/15E148 Safari/604.1"
196.230.203.105 - - [30/Nov/2020:08:30:51 +0000] "POST /api/personal-info HTTP/1.1" 200 4073 "https://billiorich.com/checkout-page" "Mozilla/5.0 (iPhone; CPU iPhone OS 14_0_1 like Mac OS X) AppleWebKit/605.1.15 (KHTML, like Gecko) Version/14.0 Mobile/15E148 Safari/604.1"
196.230.203.105 - - [30/Nov/2020:08:30:51 +0000] "POST /checkout-page HTTP/1.1" 302 624 "https://billiorich.com/checkout-page" "Mozilla/5.0 (iPhone; CPU iPhone OS 14_0_1 like Mac OS X) AppleWebKit/605.1.15 (KHTML, like Gecko) Version/14.0 Mobile/15E148 Safari/604.1"
196.230.203.105 - - [30/Nov/2020:08:30:52 +0000] "GET /checkout HTTP/1.1" 200 3275 "https://billiorich.com/checkout-page" "Mozilla/5.0 (iPhone; CPU iPhone OS 14_0_1 like Mac OS X) AppleWebKit/605.1.15 (KHTML, like Gecko) Version/14.0 Mobile/15E148 Safari/604.1"
196.230.203.105 - - [30/Nov/2020:08:30:52 +0000] "GET /products HTTP/1.1" 200 7107 "https://billiorich.com/checkout" "Mozilla/5.0 (iPhone; CPU iPhone OS 14_0_1 like Mac OS X) AppleWebKit/605.1.15 (KHTML, like Gecko) Version/14.0 Mobile/15E148 Safari/604.1"
196.230.203.105 - - [30/Nov/2020:08:30:56 +0000] "GET /admin/devis HTTP/1.1" 200 18183 "https://billiorich.com/admin/" "Mozilla/5.0 (iPhone; CPU iPhone OS 14_0_1 like Mac OS X) AppleWebKit/605.1.15 (KHTML, like Gecko) Version/14.0 Mobile/15E148 Safari/604.1"
196.230.203.105 - - [30/Nov/2020:08:30:56 +0000] "GET /js/routing?callback=fos.Router.setData HTTP/1.1" 200 617 "https://billiorich.com/admin/devis" "Mozilla/5.0 (iPhone; CPU iPhone OS 14_0_1 like Mac OS X) AppleWebKit/605.1.15 (KHTML, like Gecko) Version/14.0 Mobile/15E148 Safari/604.1"
196.230.203.105 - - [30/Nov/2020:08:31:03 +0000] "GET /admin/devis/type/9672/RTN HTTP/1.1" 302 4388 "https://billiorich.com/admin/devis" "Mozilla/5.0 (iPhone; CPU iPhone OS 14_0_1 like Mac OS X) AppleWebKit/605.1.15 (KHTML, like Gecko) Version/14.0 Mobile/15E148 Safari/604.1"
196.230.203.105 - - [30/Nov/2020:08:31:03 +0000] "GET /admin/devis HTTP/1.1" 200 14428 "https://billiorich.com/admin/devis" "Mozilla/5.0 (iPhone; CPU iPhone OS 14_0_1 like Mac OS X) AppleWebKit/605.1.15 (KHTML, like Gecko) Version/14.0 Mobile/15E148 Safari/604.1"
196.230.203.105 - - [30/Nov/2020:08:31:03 +0000] "GET /admin/devis HTTP/1.1" 200 14428 "https://billiorich.com/admin/devis" "Mozilla/5.0 (iPhone; CPU iPhone OS 14_0_1 like Mac OS X) AppleWebKit/605.1.15 (KHTML, like Gecko) Version/14.0 Mobile/15E148 Safari/604.1"
196.230.203.105 - - [30/Nov/2020:08:31:03 +0000] "GET /js/routing?callback=fos.Router.setData HTTP/1.1" 200 617 "https://billiorich.com/admin/devis" "Mozilla/5.0 (iPhone; CPU iPhone OS 14_0_1 like Mac OS X) AppleWebKit/605.1.15 (KHTML, like Gecko) Version/14.0 Mobile/15E148 Safari/604.1"
196.230.203.105 - - [30/Nov/2020:08:31:21 +0000] "GET /admin/devis/state/3220/Pending HTTP/1.1" 302 1199 "https://billiorich.com/admin/devis?page=1" "Mozilla/5.0 (Windows NT 6.1) AppleWebKit/537.36 (KHTML, like Gecko) Chrome/87.0.4280.66 Safari/537.36"
196.230.203.105 - - [30/Nov/2020:08:31:21 +0000] "GET /admin/devis HTTP/1.1" 200 14445 "https://billiorich.com/admin/devis?page=1" "Mozilla/5.0 (Windows NT 6.1) AppleWebKit/537.36 (KHTML, like Gecko) Chrome/87.0.4280.66 Safari/537.36"
196.230.203.105 - - [30/Nov/2020:08:31:21 +0000] "GET /js/routing?callback=fos.Router.setData HTTP/1.1" 200 1177 "https://billiorich.com/admin/devis" "Mozilla/5.0 (Windows NT 6.1) AppleWebKit/537.36 (KHTML, like Gecko) Chrome/87.0.4280.66 Safari/537.36"
196.230.203.105 - - [30/Nov/2020:08:31:41 +0000] "-" 408 3748 "-" "-"
66.249.66.88 - - [30/Nov/2020:08:31:44 +0000] "GET /products/10-19 HTTP/1.1" 200 9482 "-" "Mozilla/5.0 (Linux; Android 6.0.1; Nexus 5X Build/MMB29P) AppleWebKit/537.36 (KHTML, like Gecko) Chrome/86.0.4240.96 Mobile Safari/537.36 (compatible; Googlebot/2.1; +http://www.google.com/bot.html)"
196.230.203.105 - - [30/Nov/2020:08:31:45 +0000] "GET /admin/devis/print/3219 HTTP/1.1" 200 2989 "https://billiorich.com/admin/devis" "Mozilla/5.0 (Windows NT 6.1) AppleWebKit/537.36 (KHTML, like Gecko) Chrome/87.0.4280.66 Safari/537.36"
196.230.203.105 - - [30/Nov/2020:08:31:45 +0000] "GET /js/routing?callback=fos.Router.setData HTTP/1.1" 200 617 "https://billiorich.com/admin/devis/print/3219" "Mozilla/5.0 (Windows NT 6.1) AppleWebKit/537.36 (KHTML, like Gecko) Chrome/87.0.4280.66 Safari/537.36"
196.230.203.105 - - [30/Nov/2020:08:32:05 +0000] "-" 408 559 "-" "-"
66.249.66.129 - - [30/Nov/2020:08:32:15 +0000] "GET /products/64-78 HTTP/1.1" 200 9459 "-" "Mozilla/5.0 (Linux; Android 6.0.1; Nexus 5X Build/MMB29P) AppleWebKit/537.36 (KHTML, like Gecko) Chrome/86.0.4240.96 Mobile Safari/537.36 (compatible; Googlebot/2.1; +http://www.google.com/bot.html)"
196.233.152.89 - - [30/Nov/2020:08:32:55 +0000] "GET /products/109-134 HTTP/1.1" 200 9511 "https://billiorich.com/admin/devis" "Mozilla/5.0 (iPhone; CPU iPhone OS 14_0 like Mac OS X) AppleWebKit/605.1.15 (KHTML, like Gecko) CriOS/86.0.4240.93 Mobile/15E148 Safari/604.1"
196.233.152.89 - - [30/Nov/2020:08:32:56 +0000] "GET /uploads/product_images/7022F85F-DC42-40FC-802C-3C3B36A4612D.jpeg HTTP/1.1" 200 343189 "https://billiorich.com/products/109-134" "Mozilla/5.0 (iPhone; CPU iPhone OS 14_0 like Mac OS X) AppleWebKit/605.1.15 (KHTML, like Gecko) CriOS/86.0.4240.93 Mobile/15E148 Safari/604.1"
196.233.152.89 - - [30/Nov/2020:08:32:56 +0000] "GET /uploads/product_images/47418047-F1D6-49C9-9475-7003CFBC725B.jpeg HTTP/1.1" 200 420221 "https://billiorich.com/products/109-134" "Mozilla/5.0 (iPhone; CPU iPhone OS 14_0 like Mac OS X) AppleWebKit/605.1.15 (KHTML, like Gecko) CriOS/86.0.4240.93 Mobile/15E148 Safari/604.1"
196.233.152.89 - - [30/Nov/2020:08:32:59 +0000] "GET /products/110-135 HTTP/1.1" 200 9438 "https://billiorich.com/admin/devis" "Mozilla/5.0 (iPhone; CPU iPhone OS 14_0 like Mac OS X) AppleWebKit/605.1.15 (KHTML, like Gecko) CriOS/86.0.4240.93 Mobile/15E148 Safari/604.1"
196.233.152.89 - - [30/Nov/2020:08:33:00 +0000] "GET /uploads/product_images/F0E02702-116B-42EE-968C-7CFAB16DA11E.jpeg HTTP/1.1" 200 311752 "https://billiorich.com/products/110-135" "Mozilla/5.0 (iPhone; CPU iPhone OS 14_0 like Mac OS X) AppleWebKit/605.1.15 (KHTML, like Gecko) CriOS/86.0.4240.93 Mobile/15E148 Safari/604.1"
196.233.152.89 - - [30/Nov/2020:08:33:00 +0000] "GET /uploads/product_images/7410643D-885C-437D-AADA-BAD700A28C5A.jpeg HTTP/1.1" 200 357743 "https://billiorich.com/products/110-135" "Mozilla/5.0 (iPhone; CPU iPhone OS 14_0 like Mac OS X) AppleWebKit/605.1.15 (KHTML, like Gecko) CriOS/86.0.4240.93 Mobile/15E148 Safari/604.1"
196.233.152.89 - - [30/Nov/2020:08:33:09 +0000] "GET /products/110-135 HTTP/1.1" 200 9438 "https://billiorich.com/admin/devis" "Mozilla/5.0 (iPhone; CPU iPhone OS 14_0 like Mac OS X) AppleWebKit/605.1.15 (KHTML, like Gecko) CriOS/86.0.4240.93 Mobile/15E148 Safari/604.1"
196.233.152.89 - - [30/Nov/2020:08:33:41 +0000] "GET /products/109-134 HTTP/1.1" 200 9511 "https://billiorich.com/admin/devis" "Mozilla/5.0 (iPhone; CPU iPhone OS 14_0 like Mac OS X) AppleWebKit/605.1.15 (KHTML, like Gecko) CriOS/86.0.4240.93 Mobile/15E148 Safari/604.1"
196.230.203.105 - - [30/Nov/2020:08:34:38 +0000] "GET /admin/devis/print/3218 HTTP/1.1" 200 2962 "https://billiorich.com/admin/devis" "Mozilla/5.0 (Windows NT 6.1) AppleWebKit/537.36 (KHTML, like Gecko) Chrome/87.0.4280.66 Safari/537.36"
196.230.203.105 - - [30/Nov/2020:08:34:38 +0000] "GET /js/routing?callback=fos.Router.setData HTTP/1.1" 200 617 "https://billiorich.com/admin/devis/print/3218" "Mozilla/5.0 (Windows NT 6.1) AppleWebKit/537.36 (KHTML, like Gecko) Chrome/87.0.4280.66 Safari/537.36"
196.230.203.105 - - [30/Nov/2020:08:34:58 +0000] "-" 408 559 "-" "-"
196.233.152.89 - - [30/Nov/2020:08:35:48 +0000] "GET /products/92-108 HTTP/1.1" 200 9509 "https://billiorich.com/admin/devis" "Mozilla/5.0 (iPhone; CPU iPhone OS 14_0 like Mac OS X) AppleWebKit/605.1.15 (KHTML, like Gecko) CriOS/86.0.4240.93 Mobile/15E148 Safari/604.1"
196.233.152.89 - - [30/Nov/2020:08:35:48 +0000] "GET /uploads/product_images/FB055425-9AE0-4D4A-84B9-6AF420C8751F.jpeg HTTP/1.1" 200 195568 "https://billiorich.com/products/92-108" "Mozilla/5.0 (iPhone; CPU iPhone OS 14_0 like Mac OS X) AppleWebKit/605.1.15 (KHTML, like Gecko) CriOS/86.0.4240.93 Mobile/15E148 Safari/604.1"
196.233.152.89 - - [30/Nov/2020:08:35:48 +0000] "GET /uploads/product_images/7CFC5DD7-8360-4070-8CEE-A6CE5A265EBB.jpeg HTTP/1.1" 200 183625 "https://billiorich.com/products/92-108" "Mozilla/5.0 (iPhone; CPU iPhone OS 14_0 like Mac OS X) AppleWebKit/605.1.15 (KHTML, like Gecko) CriOS/86.0.4240.93 Mobile/15E148 Safari/604.1"
196.233.152.89 - - [30/Nov/2020:08:35:48 +0000] "GET /uploads/product_images/95E31DE8-D35B-44E2-B139-290833F38B85.jpeg HTTP/1.1" 200 182694 "https://billiorich.com/products/92-108" "Mozilla/5.0 (iPhone; CPU iPhone OS 14_0 like Mac OS X) AppleWebKit/605.1.15 (KHTML, like Gecko) CriOS/86.0.4240.93 Mobile/15E148 Safari/604.1"
196.233.152.89 - - [30/Nov/2020:08:35:48 +0000] "GET /uploads/product_images/927E7B1C-2BB4-4C87-B319-C9AC8536834B.jpeg HTTP/1.1" 200 422527 "https://billiorich.com/products/92-108" "Mozilla/5.0 (iPhone; CPU iPhone OS 14_0 like Mac OS X) AppleWebKit/605.1.15 (KHTML, like Gecko) CriOS/86.0.4240.93 Mobile/15E148 Safari/604.1"
68.183.101.85 - - [30/Nov/2020:08:35:53 +0000] "GET /vpn/../vpns/cfg/smb.conf HTTP/1.1" 404 4395 "-" "curl/7.68.0"
196.230.203.105 - - [30/Nov/2020:08:38:03 +0000] "GET /admin/devis/print/3216 HTTP/1.1" 200 2888 "https://billiorich.com/admin/devis" "Mozilla/5.0 (Windows NT 6.1) AppleWebKit/537.36 (KHTML, like Gecko) Chrome/87.0.4280.66 Safari/537.36"
196.230.203.105 - - [30/Nov/2020:08:38:03 +0000] "GET /js/routing?callback=fos.Router.setData HTTP/1.1" 200 617 "https://billiorich.com/admin/devis/print/3216" "Mozilla/5.0 (Windows NT 6.1) AppleWebKit/537.36 (KHTML, like Gecko) Chrome/87.0.4280.66 Safari/537.36"
196.230.203.105 - - [30/Nov/2020:08:38:23 +0000] "-" 408 559 "-" "-"
196.230.203.105 - - [30/Nov/2020:08:40:32 +0000] "GET /admin/devis/state/3216/Pending HTTP/1.1" 302 1199 "https://billiorich.com/admin/devis" "Mozilla/5.0 (Windows NT 6.1) AppleWebKit/537.36 (KHTML, like Gecko) Chrome/87.0.4280.66 Safari/537.36"
196.230.203.105 - - [30/Nov/2020:08:40:32 +0000] "GET /admin/devis HTTP/1.1" 200 14459 "https://billiorich.com/admin/devis" "Mozilla/5.0 (Windows NT 6.1) AppleWebKit/537.36 (KHTML, like Gecko) Chrome/87.0.4280.66 Safari/537.36"
196.230.203.105 - - [30/Nov/2020:08:40:32 +0000] "GET /js/routing?callback=fos.Router.setData HTTP/1.1" 200 1177 "https://billiorich.com/admin/devis" "Mozilla/5.0 (Windows NT 6.1) AppleWebKit/537.36 (KHTML, like Gecko) Chrome/87.0.4280.66 Safari/537.36"
37.223.197.253 - - [30/Nov/2020:08:40:41 +0000] "GET / HTTP/1.1" 200 8085 "-" "Mozilla/5.0 (Windows NT 10.0; Win64; x64) AppleWebKit/537.36 (KHTML, like Gecko) Chrome/60.0.3112.113 Safari/537.36"
37.223.197.253 - - [30/Nov/2020:08:40:41 +0000] "GET /assets/js/popper.min.js HTTP/1.1" 200 11019 "https://www.billiorich.com/" "Mozilla/5.0 (Windows NT 10.0; Win64; x64) AppleWebKit/537.36 (KHTML, like Gecko) Chrome/60.0.3112.113 Safari/537.36"
37.223.197.253 - - [30/Nov/2020:08:40:41 +0000] "GET /assets/js/jquery/jquery-2.2.4.min.js HTTP/1.1" 200 30307 "https://www.billiorich.com/" "Mozilla/5.0 (Windows NT 10.0; Win64; x64) AppleWebKit/537.36 (KHTML, like Gecko) Chrome/60.0.3112.113 Safari/537.36"
37.223.197.253 - - [30/Nov/2020:08:40:41 +0000] "GET /assets/js/bootstrap.min.js HTTP/1.1" 200 13378 "https://www.billiorich.com/" "Mozilla/5.0 (Windows NT 10.0; Win64; x64) AppleWebKit/537.36 (KHTML, like Gecko) Chrome/60.0.3112.113 Safari/537.36"
37.223.197.253 - - [30/Nov/2020:08:40:41 +0000] "GET /assets/js/active.js HTTP/1.1" 200 2598 "https://www.billiorich.com/" "Mozilla/5.0 (Windows NT 10.0; Win64; x64) AppleWebKit/537.36 (KHTML, like Gecko) Chrome/60.0.3112.113 Safari/537.36"
37.223.197.253 - - [30/Nov/2020:08:40:41 +0000] "GET /assets/js/plugins.js HTTP/1.1" 200 93902 "https://www.billiorich.com/" "Mozilla/5.0 (Windows NT 10.0; Win64; x64) AppleWebKit/537.36 (KHTML, like Gecko) Chrome/60.0.3112.113 Safari/537.36"
196.230.203.105 - - [30/Nov/2020:08:40:43 +0000] "GET /admin/devis/print/3214 HTTP/1.1" 200 3064 "https://billiorich.com/admin/devis" "Mozilla/5.0 (Windows NT 6.1) AppleWebKit/537.36 (KHTML, like Gecko) Chrome/87.0.4280.66 Safari/537.36"
196.230.203.105 - - [30/Nov/2020:08:40:44 +0000] "GET /js/routing?callback=fos.Router.setData HTTP/1.1" 200 617 "https://billiorich.com/admin/devis/print/3214" "Mozilla/5.0 (Windows NT 6.1) AppleWebKit/537.36 (KHTML, like Gecko) Chrome/87.0.4280.66 Safari/537.36"
196.230.203.105 - - [30/Nov/2020:08:41:02 +0000] "GET /admin/devis/state/3214/Pending HTTP/1.1" 302 1199 "https://billiorich.com/admin/devis" "Mozilla/5.0 (Windows NT 6.1) AppleWebKit/537.36 (KHTML, like Gecko) Chrome/87.0.4280.66 Safari/537.36"
196.230.203.105 - - [30/Nov/2020:08:41:02 +0000] "GET /admin/devis HTTP/1.1" 200 14473 "https://billiorich.com/admin/devis" "Mozilla/5.0 (Windows NT 6.1) AppleWebKit/537.36 (KHTML, like Gecko) Chrome/87.0.4280.66 Safari/537.36"
196.230.203.105 - - [30/Nov/2020:08:41:02 +0000] "GET /js/routing?callback=fos.Router.setData HTTP/1.1" 200 1177 "https://billiorich.com/admin/devis" "Mozilla/5.0 (Windows NT 6.1) AppleWebKit/537.36 (KHTML, like Gecko) Chrome/87.0.4280.66 Safari/537.36"
196.233.152.89 - - [30/Nov/2020:08:41:21 +0000] "GET /products/40-51 HTTP/1.1" 200 9505 "https://billiorich.com/admin/devis" "Mozilla/5.0 (iPhone; CPU iPhone OS 14_0 like Mac OS X) AppleWebKit/605.1.15 (KHTML, like Gecko) CriOS/86.0.4240.93 Mobile/15E148 Safari/604.1"
196.230.203.105 - - [30/Nov/2020:08:43:47 +0000] "GET /admin/devis/print/3213 HTTP/1.1" 200 2897 "https://billiorich.com/admin/devis" "Mozilla/5.0 (Windows NT 6.1) AppleWebKit/537.36 (KHTML, like Gecko) Chrome/87.0.4280.66 Safari/537.36"
196.230.203.105 - - [30/Nov/2020:08:43:48 +0000] "GET /js/routing?callback=fos.Router.setData HTTP/1.1" 200 617 "https://billiorich.com/admin/devis/print/3213" "Mozilla/5.0 (Windows NT 6.1) AppleWebKit/537.36 (KHTML, like Gecko) Chrome/87.0.4280.66 Safari/537.36"
196.230.203.105 - - [30/Nov/2020:08:44:07 +0000] "-" 408 559 "-" "-"
196.230.203.105 - - [30/Nov/2020:08:44:35 +0000] "GET /admin/devis/print/3213 HTTP/1.1" 200 2897 "https://billiorich.com/admin/devis" "Mozilla/5.0 (Windows NT 6.1) AppleWebKit/537.36 (KHTML, like Gecko) Chrome/87.0.4280.66 Safari/537.36"
196.230.203.105 - - [30/Nov/2020:08:44:35 +0000] "GET /js/routing?callback=fos.Router.setData HTTP/1.1" 200 617 "https://billiorich.com/admin/devis/print/3213" "Mozilla/5.0 (Windows NT 6.1) AppleWebKit/537.36 (KHTML, like Gecko) Chrome/87.0.4280.66 Safari/537.36"
196.230.203.105 - - [30/Nov/2020:08:44:40 +0000] "GET /admin/devis/state/3213/Pending HTTP/1.1" 302 1199 "https://billiorich.com/admin/devis" "Mozilla/5.0 (Windows NT 6.1) AppleWebKit/537.36 (KHTML, like Gecko) Chrome/87.0.4280.66 Safari/537.36"
196.230.203.105 - - [30/Nov/2020:08:44:40 +0000] "GET /admin/devis HTTP/1.1" 200 14475 "https://billiorich.com/admin/devis" "Mozilla/5.0 (Windows NT 6.1) AppleWebKit/537.36 (KHTML, like Gecko) Chrome/87.0.4280.66 Safari/537.36"
196.230.203.105 - - [30/Nov/2020:08:44:41 +0000] "GET /js/routing?callback=fos.Router.setData HTTP/1.1" 200 1177 "https://billiorich.com/admin/devis" "Mozilla/5.0 (Windows NT 6.1) AppleWebKit/537.36 (KHTML, like Gecko) Chrome/87.0.4280.66 Safari/537.36"
196.230.203.105 - - [30/Nov/2020:08:46:18 +0000] "GET /admin/devis/print/3206 HTTP/1.1" 200 2899 "https://billiorich.com/admin/devis" "Mozilla/5.0 (Windows NT 6.1) AppleWebKit/537.36 (KHTML, like Gecko) Chrome/87.0.4280.66 Safari/537.36"
196.230.203.105 - - [30/Nov/2020:08:46:18 +0000] "GET /js/routing?callback=fos.Router.setData HTTP/1.1" 200 617 "https://billiorich.com/admin/devis/print/3206" "Mozilla/5.0 (Windows NT 6.1) AppleWebKit/537.36 (KHTML, like Gecko) Chrome/87.0.4280.66 Safari/537.36"
196.230.203.105 - - [30/Nov/2020:08:47:01 +0000] "GET /admin/devis/state/3206/Pending HTTP/1.1" 302 1199 "https://billiorich.com/admin/devis" "Mozilla/5.0 (Windows NT 6.1) AppleWebKit/537.36 (KHTML, like Gecko) Chrome/87.0.4280.66 Safari/537.36"
196.230.203.105 - - [30/Nov/2020:08:47:01 +0000] "GET /admin/devis HTTP/1.1" 200 14488 "https://billiorich.com/admin/devis" "Mozilla/5.0 (Windows NT 6.1) AppleWebKit/537.36 (KHTML, like Gecko) Chrome/87.0.4280.66 Safari/537.36"
196.230.203.105 - - [30/Nov/2020:08:47:02 +0000] "GET /js/routing?callback=fos.Router.setData HTTP/1.1" 200 1177 "https://billiorich.com/admin/devis" "Mozilla/5.0 (Windows NT 6.1) AppleWebKit/537.36 (KHTML, like Gecko) Chrome/87.0.4280.66 Safari/537.36"
196.230.203.105 - - [30/Nov/2020:08:48:16 +0000] "GET /admin/devis/print/3205 HTTP/1.1" 200 2865 "https://billiorich.com/admin/devis" "Mozilla/5.0 (Windows NT 6.1) AppleWebKit/537.36 (KHTML, like Gecko) Chrome/87.0.4280.66 Safari/537.36"
196.230.203.105 - - [30/Nov/2020:08:48:16 +0000] "GET /js/routing?callback=fos.Router.setData HTTP/1.1" 200 617 "https://billiorich.com/admin/devis/print/3205" "Mozilla/5.0 (Windows NT 6.1) AppleWebKit/537.36 (KHTML, like Gecko) Chrome/87.0.4280.66 Safari/537.36"
196.230.203.105 - - [30/Nov/2020:08:48:36 +0000] "-" 408 559 "-" "-"
196.230.203.105 - - [30/Nov/2020:08:48:54 +0000] "GET /admin/devis/state/3205/Pending HTTP/1.1" 302 1199 "https://billiorich.com/admin/devis" "Mozilla/5.0 (Windows NT 6.1) AppleWebKit/537.36 (KHTML, like Gecko) Chrome/87.0.4280.66 Safari/537.36"
196.230.203.105 - - [30/Nov/2020:08:48:54 +0000] "GET /admin/devis HTTP/1.1" 200 14477 "https://billiorich.com/admin/devis" "Mozilla/5.0 (Windows NT 6.1) AppleWebKit/537.36 (KHTML, like Gecko) Chrome/87.0.4280.66 Safari/537.36"
196.230.203.105 - - [30/Nov/2020:08:48:55 +0000] "GET /js/routing?callback=fos.Router.setData HTTP/1.1" 200 1177 "https://billiorich.com/admin/devis" "Mozilla/5.0 (Windows NT 6.1) AppleWebKit/537.36 (KHTML, like Gecko) Chrome/87.0.4280.66 Safari/537.36"
37.223.197.253 - - [30/Nov/2020:08:49:15 +0000] "GET / HTTP/1.1" 301 571 "-" "Mozilla/5.0 (Windows NT 10.0; Win64; x64) AppleWebKit/537.36 (KHTML, like Gecko) Chrome/60.0.3112.113 Safari/537.36"
37.223.197.253 - - [30/Nov/2020:08:49:15 +0000] "GET / HTTP/1.1" 200 8086 "-" "Mozilla/5.0 (Windows NT 10.0; Win64; x64) AppleWebKit/537.36 (KHTML, like Gecko) Chrome/60.0.3112.113 Safari/537.36"
37.223.197.253 - - [30/Nov/2020:08:49:15 +0000] "GET /assets/js/jquery/jquery-2.2.4.min.js HTTP/1.1" 200 30307 "https://billiorich.com/" "Mozilla/5.0 (Windows NT 10.0; Win64; x64) AppleWebKit/537.36 (KHTML, like Gecko) Chrome/60.0.3112.113 Safari/537.36"
37.223.197.253 - - [30/Nov/2020:08:49:15 +0000] "GET /assets/js/popper.min.js HTTP/1.1" 200 7830 "https://billiorich.com/" "Mozilla/5.0 (Windows NT 10.0; Win64; x64) AppleWebKit/537.36 (KHTML, like Gecko) Chrome/60.0.3112.113 Safari/537.36"
37.223.197.253 - - [30/Nov/2020:08:49:15 +0000] "GET /assets/js/active.js HTTP/1.1" 200 5787 "https://billiorich.com/" "Mozilla/5.0 (Windows NT 10.0; Win64; x64) AppleWebKit/537.36 (KHTML, like Gecko) Chrome/60.0.3112.113 Safari/537.36"
37.223.197.253 - - [30/Nov/2020:08:49:15 +0000] "GET /assets/js/bootstrap.min.js HTTP/1.1" 200 17127 "https://billiorich.com/" "Mozilla/5.0 (Windows NT 10.0; Win64; x64) AppleWebKit/537.36 (KHTML, like Gecko) Chrome/60.0.3112.113 Safari/537.36"
37.223.197.253 - - [30/Nov/2020:08:49:15 +0000] "GET /assets/js/plugins.js HTTP/1.1" 200 93902 "https://billiorich.com/" "Mozilla/5.0 (Windows NT 10.0; Win64; x64) AppleWebKit/537.36 (KHTML, like Gecko) Chrome/60.0.3112.113 Safari/537.36"
::1 - - [30/Nov/2020:08:49:17 +0000] "OPTIONS * HTTP/1.0" 200 126 "-" "Apache/2.4.29 (Ubuntu) OpenSSL/1.1.1 (internal dummy connection)"
196.230.203.105 - - [30/Nov/2020:08:50:17 +0000] "GET /admin/devis/print/3202 HTTP/1.1" 200 2894 "https://billiorich.com/admin/devis" "Mozilla/5.0 (Windows NT 6.1) AppleWebKit/537.36 (KHTML, like Gecko) Chrome/87.0.4280.66 Safari/537.36"
196.230.203.105 - - [30/Nov/2020:08:50:17 +0000] "GET /js/routing?callback=fos.Router.setData HTTP/1.1" 200 617 "https://billiorich.com/admin/devis/print/3202" "Mozilla/5.0 (Windows NT 6.1) AppleWebKit/537.36 (KHTML, like Gecko) Chrome/87.0.4280.66 Safari/537.36"
196.230.203.105 - - [30/Nov/2020:08:51:38 +0000] "GET /admin/devis/state/3202/Pending HTTP/1.1" 302 1199 "https://billiorich.com/admin/devis" "Mozilla/5.0 (Windows NT 6.1) AppleWebKit/537.36 (KHTML, like Gecko) Chrome/87.0.4280.66 Safari/537.36"
196.230.203.105 - - [30/Nov/2020:08:51:39 +0000] "GET /admin/devis HTTP/1.1" 200 14478 "https://billiorich.com/admin/devis" "Mozilla/5.0 (Windows NT 6.1) AppleWebKit/537.36 (KHTML, like Gecko) Chrome/87.0.4280.66 Safari/537.36"
196.230.203.105 - - [30/Nov/2020:08:51:39 +0000] "GET /js/routing?callback=fos.Router.setData HTTP/1.1" 200 1177 "https://billiorich.com/admin/devis" "Mozilla/5.0 (Windows NT 6.1) AppleWebKit/537.36 (KHTML, like Gecko) Chrome/87.0.4280.66 Safari/537.36"
185.191.171.25 - - [30/Nov/2020:08:51:45 +0000] "GET /add-to-cart/46-54 HTTP/1.1" 302 4231 "-" "Mozilla/5.0 (compatible; SemrushBot/7~bl; +http://www.semrush.com/bot.html)"
196.230.203.105 - - [30/Nov/2020:08:51:57 +0000] "GET /products/19-30 HTTP/1.1" 200 6188 "https://billiorich.com/admin/devis" "Mozilla/5.0 (Windows NT 6.1) AppleWebKit/537.36 (KHTML, like Gecko) Chrome/87.0.4280.66 Safari/537.36"
196.230.203.105 - - [30/Nov/2020:08:51:58 +0000] "GET /uploads/product_images/J71A3558ooooo.jpg HTTP/1.1" 200 533536 "https://billiorich.com/products/19-30" "Mozilla/5.0 (Windows NT 6.1) AppleWebKit/537.36 (KHTML, like Gecko) Chrome/87.0.4280.66 Safari/537.36"
196.230.203.105 - - [30/Nov/2020:08:51:58 +0000] "GET /uploads/product_images/J71A3560ooooo.jpg HTTP/1.1" 200 577180 "https://billiorich.com/products/19-30" "Mozilla/5.0 (Windows NT 6.1) AppleWebKit/537.36 (KHTML, like Gecko) Chrome/87.0.4280.66 Safari/537.36"
196.230.203.105 - - [30/Nov/2020:08:51:58 +0000] "GET /uploads/product_images/J71A3559ooooo.jpg HTTP/1.1" 200 472087 "https://billiorich.com/products/19-30" "Mozilla/5.0 (Windows NT 6.1) AppleWebKit/537.36 (KHTML, like Gecko) Chrome/87.0.4280.66 Safari/537.36"
34.107.46.45 - - [30/Nov/2020:08:53:03 +0000] "OPTIONS / HTTP/1.0" 200 21032 "-" "-"
196.230.203.105 - - [30/Nov/2020:08:53:31 +0000] "GET /admin/devis/print/3198 HTTP/1.1" 200 2969 "https://billiorich.com/admin/devis" "Mozilla/5.0 (Windows NT 6.1) AppleWebKit/537.36 (KHTML, like Gecko) Chrome/87.0.4280.66 Safari/537.36"
196.230.203.105 - - [30/Nov/2020:08:53:31 +0000] "GET /js/routing?callback=fos.Router.setData HTTP/1.1" 200 617 "https://billiorich.com/admin/devis/print/3198" "Mozilla/5.0 (Windows NT 6.1) AppleWebKit/537.36 (KHTML, like Gecko) Chrome/87.0.4280.66 Safari/537.36"
196.230.203.105 - - [30/Nov/2020:08:53:51 +0000] "-" 408 559 "-" "-"
196.230.203.105 - - [30/Nov/2020:08:54:53 +0000] "GET /products/108-131 HTTP/1.1" 200 6313 "https://billiorich.com/admin/devis" "Mozilla/5.0 (Windows NT 6.1) AppleWebKit/537.36 (KHTML, like Gecko) Chrome/87.0.4280.66 Safari/537.36"
196.230.203.105 - - [30/Nov/2020:08:54:53 +0000] "GET /uploads/product_images/42D8DD79-08A5-4A2F-B29A-BF19797BF456.jpeg HTTP/1.1" 304 764 "https://billiorich.com/products/108-131" "Mozilla/5.0 (Windows NT 6.1) AppleWebKit/537.36 (KHTML, like Gecko) Chrome/87.0.4280.66 Safari/537.36"
196.230.203.105 - - [30/Nov/2020:08:54:53 +0000] "GET /uploads/product_images/D6A7118E-9099-4FF5-BD5D-27C637FFE931.jpeg HTTP/1.1" 304 204 "https://billiorich.com/products/108-131" "Mozilla/5.0 (Windows NT 6.1) AppleWebKit/537.36 (KHTML, like Gecko) Chrome/87.0.4280.66 Safari/537.36"
196.230.203.105 - - [30/Nov/2020:08:54:53 +0000] "GET /uploads/product_images/4CF434F5-28F7-4A1A-9F34-D1A2BCED4EB6.jpeg HTTP/1.1" 304 204 "https://billiorich.com/products/108-131" "Mozilla/5.0 (Windows NT 6.1) AppleWebKit/537.36 (KHTML, like Gecko) Chrome/87.0.4280.66 Safari/537.36"
196.230.203.105 - - [30/Nov/2020:08:54:53 +0000] "GET /uploads/product_images/EDB622D8-91BE-44F1-9915-9CB4B3462DEA.jpeg HTTP/1.1" 304 204 "https://billiorich.com/products/108-131" "Mozilla/5.0 (Windows NT 6.1) AppleWebKit/537.36 (KHTML, like Gecko) Chrome/87.0.4280.66 Safari/537.36"
196.230.203.105 - - [30/Nov/2020:08:54:53 +0000] "GET /uploads/product_images/AAFE7EFB-4700-4D13-91B6-4F537BBA3CFF.jpeg HTTP/1.1" 304 204 "https://billiorich.com/products/108-131" "Mozilla/5.0 (Windows NT 6.1) AppleWebKit/537.36 (KHTML, like Gecko) Chrome/87.0.4280.66 Safari/537.36"
196.230.203.105 - - [30/Nov/2020:08:55:13 +0000] "-" 408 559 "-" "-"
